$ docker-compose up
Creating network "kafkadockersbt_default" with the default driver
Pulling zookeeper (confluent/zookeeper:latest)...
latest: Pulling from confluent/zookeeper
51f5c6a04d83: Pull complete
a3ed95caeb02: Pull complete
7004cfc6e122: Pull complete
aee1f2b2873f: Pull complete
3a68342c4011: Pull complete
6cbd71d4d1f4: Pull complete
a26b1ce3360b: Pull complete
55bdb2de3391: Pull complete
c14c55acf45f: Pull complete
be7e9723819a: Pull complete
ff3558a8d162: Pull complete
c73633913e48: Pull complete
abf0c05f5209: Pull complete
8e0153a3fe95: Pull complete
8476a7f4c120: Pull complete
dd7b7029d4f9: Pull complete
5de42c73a24d: Pull complete
82153f3e2e3f: Pull complete
1b403d9fce92: Pull complete
b5c575c9edb6: Pull complete
Digest: sha256:bb097bce322f5553ed1511234f97e7eedb0900211c46958357fbcb342917cbf8
Status: Downloaded newer image for confluent/zookeeper:latest
Pulling kafka (confluent/kafka:latest)...
latest: Pulling from confluent/kafka
51f5c6a04d83: Already exists
a3ed95caeb02: Already exists
7004cfc6e122: Already exists
aee1f2b2873f: Already exists
3a68342c4011: Already exists
6cbd71d4d1f4: Already exists
a26b1ce3360b: Already exists
55bdb2de3391: Already exists
c14c55acf45f: Already exists
be7e9723819a: Already exists
ff3558a8d162: Already exists
c73633913e48: Already exists
abf0c05f5209: Already exists
8e0153a3fe95: Already exists
8476a7f4c120: Already exists
ed5d8f66195d: Pull complete
a13270395e60: Pull complete
c8661c1d28fc: Pull complete
13f86b2644be: Pull complete
Digest: sha256:de7415d87302269211342bfe6f7b15fe25f157b55970b2307f325d09e173d357
Status: Downloaded newer image for confluent/kafka:latest
Pulling schemaregistry (confluent/schema-registry:latest)...
latest: Pulling from confluent/schema-registry
51f5c6a04d83: Already exists
a3ed95caeb02: Already exists
7004cfc6e122: Already exists
aee1f2b2873f: Already exists
3a68342c4011: Already exists
6cbd71d4d1f4: Already exists
a26b1ce3360b: Already exists
55bdb2de3391: Already exists
c14c55acf45f: Already exists
be7e9723819a: Already exists
ff3558a8d162: Already exists
c73633913e48: Already exists
abf0c05f5209: Already exists
8e0153a3fe95: Already exists
8476a7f4c120: Already exists
Creating kafkadockersbt_zookeeper_1             ... done
c17c491069d1: Pull complete
Creating kafkadockersbt_kafka_1                 ... done
Digest: sha256:8c7b71f0c1cdf88a8e5f4ff7af9e0c2e8ba39fb88f389dd482290baecccee279
Status: Downloaded newer image for confluent/schema-registry:latest
Creating kafkadockersbt_string_producer_1       ... done
Creating kafkadockersbt_schemaregistry_1        ... done
Creating kafkadockersbt_string_producer_1       ... 
Creating kafkadockersbt_schemaregistry_1        ... 
Creating kafkadockersbt_string_avro_converter_1 ... done
Creating kafkadockersbt_avro_consumer_1         ... done
Attaching to kafkadockersbt_zookeeper_1, kafkadockersbt_kafka_1, kafkadockersbt_string_producer_1, kafkadockersbt_schemaregistry_1, kafkadockersbt_avro_consumer_1, kafkadockersbt_string_avro_converter_1
zookeeper_1              |  INFO [main] (PropertyEditor.java:125) - Reading properties from /etc/kafka/zookeeper.properties
kafka_1                  |  INFO [main] (PropertyEditor.java:125) - Reading properties from /etc/kafka/server.properties
string_producer_1        | + jar_name=string_producer
string_producer_1        | + version=1.0-SNAPSHOT
string_producer_1        | + debug_port=5002
string_producer_1        | + source /app/start-kafka-and-zk.sh
schemaregistry_1         |  INFO [main] (PropertyEditor.java:125) - Reading properties from /etc/schema-registry/schema-registry.properties
zookeeper_1              |  INFO [main] (PropertyEditor.java:112) - Overriding value for id with value from environment variable zk_id
kafka_1                  |  INFO [main] (PropertyEditor.java:112) - Overriding value for broker.id with value from environment variable KAFKA_BROKER_ID
string_producer_1        | ++ /app/wait-for-it.sh zookeeper:2181 -t 60 -- echo 'Zookeeper started'
avro_consumer_1          | + jar_name=avro_consumer
zookeeper_1              |  INFO [main] (PropertyEditor.java:112) - Overriding value for maxClientCnxns with value from environment variable zk_maxClientCnxns
schemaregistry_1         |  INFO [main] (PropertyEditor.java:112) - Overriding value for kafkastore.topic with value from environment variable SR_KAFKASTORE_TOPIC
string_avro_converter_1  | + jar_name=string_avro_converter
string_producer_1        | wait-for-it.sh: waiting 60 seconds for zookeeper:2181
avro_consumer_1          | + version=1.0-SNAPSHOT
kafka_1                  |  INFO [main] (PropertyEditor.java:112) - Overriding value for zookeeper.connect with value from environment variable KAFKA_ZOOKEEPER_CONNECT
string_avro_converter_1  | + version=1.0-SNAPSHOT
avro_consumer_1          | + debug_port=5003
string_avro_converter_1  | + debug_port=5001
string_producer_1        | wait-for-it.sh: zookeeper:2181 is available after 0 seconds
schemaregistry_1         |  INFO [main] (PropertyEditor.java:112) - Overriding value for kafkastore.connection.url with value from environment variable SR_KAFKASTORE_CONNECTION_URL
avro_consumer_1          | + source /app/start-kafka-and-zk.sh
zookeeper_1              |  INFO [main] (PropertyEditor.java:112) - Overriding value for initLimit with value from environment variable zk_initLimit
string_avro_converter_1  | + source /app/start-kafka-and-zk.sh
kafka_1                  |  INFO [main] (PropertyEditor.java:112) - Overriding value for advertised.port with value from environment variable KAFKA_ADVERTISED_PORT
string_producer_1        | Zookeeper started
avro_consumer_1          | ++ /app/wait-for-it.sh zookeeper:2181 -t 60 -- echo 'Zookeeper started'
schemaregistry_1         |  INFO [main] (PropertyEditor.java:147) - Writing properties to /etc/schema-registry/schema-registry.properties
string_avro_converter_1  | ++ /app/wait-for-it.sh zookeeper:2181 -t 60 -- echo 'Zookeeper started'
zookeeper_1              |  INFO [main] (PropertyEditor.java:112) - Overriding value for DATA.DIR with value from environment variable ZK_DATA_DIR
string_producer_1        | ++ /app/wait-for-it.sh kafka:9092 -t 60 -- echo 'Kafka started'
avro_consumer_1          | wait-for-it.sh: waiting 60 seconds for zookeeper:2181
kafka_1                  |  INFO [main] (PropertyEditor.java:112) - Overriding value for advertised.host.name with value from environment variable KAFKA_ADVERTISED_HOST_NAME
string_avro_converter_1  | wait-for-it.sh: waiting 60 seconds for zookeeper:2181
string_producer_1        | wait-for-it.sh: waiting 60 seconds for kafka:9092
avro_consumer_1          | wait-for-it.sh: zookeeper:2181 is available after 0 seconds
schemaregistry_1         | SLF4J: Class path contains multiple SLF4J bindings.
string_avro_converter_1  | wait-for-it.sh: zookeeper:2181 is available after 0 seconds
string_producer_1        | wait-for-it.sh: kafka:9092 is available after 0 seconds
avro_consumer_1          | Zookeeper started
zookeeper_1              |  INFO [main] (PropertyEditor.java:112) - Overriding value for syncLimit with value from environment variable zk_syncLimit
kafka_1                  |  INFO [main] (PropertyEditor.java:112) - Overriding value for auto.create.topics.enable with value from environment variable KAFKA_auto_create_topics_enable
string_producer_1        | Kafka started
avro_consumer_1          | ++ /app/wait-for-it.sh kafka:9092 -t 60 -- echo 'Kafka started'
string_avro_converter_1  | Zookeeper started
schemaregistry_1         | SLF4J: Found binding in [jar:file:/usr/share/java/confluent-common/slf4j-log4j12-1.7.6.jar!/org/slf4j/impl/StaticLoggerBinder.class]
string_producer_1        | ++ /app/wait-for-it.sh schemaregistry:8081 -t 60 -- echo 'schemaregistry started'
avro_consumer_1          | wait-for-it.sh: waiting 60 seconds for kafka:9092
string_avro_converter_1  | ++ /app/wait-for-it.sh kafka:9092 -t 60 -- echo 'Kafka started'
zookeeper_1              |  INFO [main] (PropertyEditor.java:112) - Overriding value for clientPort with value from environment variable zk_clientPort
kafka_1                  |  INFO [main] (PropertyEditor.java:112) - Overriding value for num.partitions with value from environment variable KAFKA_num_partitions
string_producer_1        | wait-for-it.sh: waiting 60 seconds for schemaregistry:8081
avro_consumer_1          | wait-for-it.sh: kafka:9092 is available after 0 seconds
string_producer_1        | wait-for-it.sh: schemaregistry:8081 is available after 5 seconds
avro_consumer_1          | Kafka started
zookeeper_1              |  INFO [main] (PropertyEditor.java:112) - Overriding value for dataDir with value from environment variable zk_dataDir
string_producer_1        | schemaregistry started
zookeeper_1              |  INFO [main] (PropertyEditor.java:112) - Overriding value for tickTime with value from environment variable zk_tickTime
schemaregistry_1         | SLF4J: Found binding in [jar:file:/usr/share/java/schema-registry/slf4j-log4j12-1.7.6.jar!/org/slf4j/impl/StaticLoggerBinder.class]
avro_consumer_1          | ++ /app/wait-for-it.sh schemaregistry:8081 -t 60 -- echo 'schemaregistry started'
string_producer_1        | ++ sleep 10
kafka_1                  |  INFO [main] (PropertyEditor.java:112) - Overriding value for log.dirs with value from environment variable KAFKA_LOG_DIRS
string_avro_converter_1  | wait-for-it.sh: waiting 60 seconds for kafka:9092
avro_consumer_1          | wait-for-it.sh: waiting 60 seconds for schemaregistry:8081
string_producer_1        | + '[' -n 5002 ']'
avro_consumer_1          | wait-for-it.sh: schemaregistry:8081 is available after 0 seconds
string_producer_1        | + java -jar -Xdebug -Xrunjdwp:transport=dt_socket,server=y,suspend=n,address=5002 /app/string_producer-assembly-1.0-SNAPSHOT.jar
avro_consumer_1          | schemaregistry started
zookeeper_1              |  INFO [main] (PropertyEditor.java:147) - Writing properties to /etc/kafka/zookeeper.properties
string_producer_1        | Error: Unable to access jarfile /app/string_producer-assembly-1.0-SNAPSHOT.jar
avro_consumer_1          | ++ sleep 10
zookeeper_1              | [2018-04-11 15:18:50,524] INFO Reading configuration from: /etc/kafka/zookeeper.properties (org.apache.zookeeper.server.quorum.QuorumPeerConfig)
kafka_1                  |  INFO [main] (PropertyEditor.java:147) - Writing properties to /etc/kafka/server.properties
schemaregistry_1         | SLF4J: See http://www.slf4j.org/codes.html#multiple_bindings for an explanation.
kafka_1                  | [2018-04-11 15:18:51,837] INFO KafkaConfig values: 
schemaregistry_1         | SLF4J: Actual binding is of type [org.slf4j.impl.Log4jLoggerFactory]
kafka_1                  | 	advertised.host.name = kafka
zookeeper_1              | [2018-04-11 15:18:50,527] INFO autopurge.snapRetainCount set to 3 (org.apache.zookeeper.server.DatadirCleanupManager)
kafka_1                  | 	metric.reporters = []
kafka_1                  | 	quota.producer.default = 9223372036854775807
kafka_1                  | 	offsets.topic.num.partitions = 50
kafka_1                  | 	log.flush.interval.messages = 9223372036854775807
kafka_1                  | 	auto.create.topics.enable = true
zookeeper_1              | [2018-04-11 15:18:50,527] INFO autopurge.purgeInterval set to 0 (org.apache.zookeeper.server.DatadirCleanupManager)
kafka_1                  | 	controller.socket.timeout.ms = 30000
schemaregistry_1         | [2018-04-11 15:19:02,495] INFO SchemaRegistryConfig values: 
kafka_1                  | 	log.flush.interval.ms = null
schemaregistry_1         | 	metric.reporters = []
kafka_1                  | 	principal.builder.class = class org.apache.kafka.common.security.auth.DefaultPrincipalBuilder
schemaregistry_1         | 	response.mediatype.default = application/vnd.schemaregistry.v1+json
kafka_1                  | 	replica.socket.receive.buffer.bytes = 65536
string_avro_converter_1  | wait-for-it.sh: kafka:9092 is available after 0 seconds
schemaregistry_1         | 	kafkastore.ssl.trustmanager.algorithm = PKIX
kafka_1                  | 	min.insync.replicas = 1
schemaregistry_1         | 	ssl.keystore.type = JKS
kafka_1                  | 	replica.fetch.wait.max.ms = 500
schemaregistry_1         | 	kafkastore.topic = _schemas
kafka_1                  | 	num.recovery.threads.per.data.dir = 1
schemaregistry_1         | 	metrics.jmx.prefix = kafka.schema.registry
zookeeper_1              | [2018-04-11 15:18:50,527] INFO Purge task is not scheduled. (org.apache.zookeeper.server.DatadirCleanupManager)
kafka_1                  | 	ssl.keystore.type = JKS
schemaregistry_1         | 	kafkastore.ssl.enabled.protocols = TLSv1.2,TLSv1.1,TLSv1
zookeeper_1              | [2018-04-11 15:18:50,527] WARN Either no config or no quorum defined in config, running  in standalone mode (org.apache.zookeeper.server.quorum.QuorumPeerMain)
kafka_1                  | 	sasl.mechanism.inter.broker.protocol = GSSAPI
schemaregistry_1         | 	kafkastore.topic.replication.factor = 3
string_avro_converter_1  | Kafka started
kafka_1                  | 	default.replication.factor = 1
schemaregistry_1         | 	ssl.truststore.password = 
zookeeper_1              | [2018-04-11 15:18:50,547] INFO Reading configuration from: /etc/kafka/zookeeper.properties (org.apache.zookeeper.server.quorum.QuorumPeerConfig)
string_avro_converter_1  | ++ /app/wait-for-it.sh schemaregistry:8081 -t 60 -- echo 'schemaregistry started'
kafka_1                  | 	ssl.truststore.password = null
schemaregistry_1         | 	kafkastore.timeout.ms = 500
zookeeper_1              | [2018-04-11 15:18:50,547] INFO Starting server (org.apache.zookeeper.server.ZooKeeperServerMain)
kafka_1                  | 	log.preallocate = false
schemaregistry_1         | 	host.name = schemaregistry
kafka_1                  | 	sasl.kerberos.principal.to.local.rules = [DEFAULT]
schemaregistry_1         | 	schema.registry.zk.namespace = schema_registry
zookeeper_1              | [2018-04-11 15:18:50,557] INFO Server environment:zookeeper.version=3.4.6-1569965, built on 02/20/2014 09:09 GMT (org.apache.zookeeper.server.ZooKeeperServer)
kafka_1                  | 	fetch.purgatory.purge.interval.requests = 1000
schemaregistry_1         | 	ssl.endpoint.identification.algorithm = 
zookeeper_1              | [2018-04-11 15:18:50,557] INFO Server environment:host.name=zookeeper (org.apache.zookeeper.server.ZooKeeperServer)
kafka_1                  | 	ssl.endpoint.identification.algorithm = null
schemaregistry_1         | 	kafkastore.ssl.truststore.type = JKS
kafkadockersbt_string_producer_1 exited with code 1
kafka_1                  | 	replica.socket.timeout.ms = 30000
schemaregistry_1         | 	avro.compatibility.level = backward
kafka_1                  | 	message.max.bytes = 1000012
schemaregistry_1         | 	kafkastore.ssl.protocol = TLS
zookeeper_1              | [2018-04-11 15:18:50,558] INFO Server environment:java.version=1.8.0_91 (org.apache.zookeeper.server.ZooKeeperServer)
kafka_1                  | 	num.io.threads = 8
schemaregistry_1         | 	kafkastore.ssl.provider = 
zookeeper_1              | [2018-04-11 15:18:50,558] INFO Server environment:java.vendor=Oracle Corporation (org.apache.zookeeper.server.ZooKeeperServer)
kafka_1                  | 	offsets.commit.required.acks = -1
schemaregistry_1         | 	kafkastore.ssl.truststore.location = 
zookeeper_1              | [2018-04-11 15:18:50,558] INFO Server environment:java.home=/usr/lib/jvm/java-8-openjdk-amd64/jre (org.apache.zookeeper.server.ZooKeeperServer)
kafka_1                  | 	log.flush.offset.checkpoint.interval.ms = 60000
schemaregistry_1         | 	response.mediatype.preferred = [application/vnd.schemaregistry.v1+json, application/vnd.schemaregistry+json, application/json]
kafka_1                  | 	delete.topic.enable = true
kafka_1                  | 	quota.window.size.seconds = 1
kafka_1                  | 	ssl.truststore.type = JKS
schemaregistry_1         | 	kafkastore.ssl.keystore.type = JKS
zookeeper_1              | [2018-04-11 15:18:50,558] INFO Server environment:java.class.path=:/usr/bin/../share/java/kafka/commons-lang3-3.1.jar:/usr/bin/../share/java/kafka/commons-collections-3.2.1.jar:/usr/bin/../share/java/kafka/metrics-core-2.2.0.jar:/usr/bin/../share/java/kafka/slf4j-log4j12-1.7.21.jar:/usr/bin/../share/java/kafka/hk2-api-2.4.0-b34.jar:/usr/bin/../share/java/kafka/slf4j-api-1.7.21.jar:/usr/bin/../share/java/kafka/jackson-jaxrs-base-2.6.3.jar:/usr/bin/../share/java/kafka/snappy-java-1.1.2.4.jar:/usr/bin/../share/java/kafka/javax.ws.rs-api-2.0.1.jar:/usr/bin/../share/java/kafka/scala-parser-combinators_2.11-1.0.4.jar:/usr/bin/../share/java/kafka/support-metrics-client-3.0.0.jar:/usr/bin/../share/java/kafka/httpclient-4.5.1.jar:/usr/bin/../share/java/kafka/kafka-streams-examples-0.10.0.0-cp1.jar:/usr/bin/../share/java/kafka/aopalliance-repackaged-2.4.0-b34.jar:/usr/bin/../share/java/kafka/kafka-streams-0.10.0.0-cp1.jar:/usr/bin/../share/java/kafka/kafka.jar:/usr/bin/../share/java/kafka/commons-digester-1.8.1.jar:/usr/bin/../share/java/kafka/javax.inject-2.4.0-b34.jar:/usr/bin/../share/java/kafka/rocksdbjni-4.4.1.jar:/usr/bin/../share/java/kafka/connect-api-0.10.0.0-cp1.jar:/usr/bin/../share/java/kafka/jersey-server-2.22.2.jar:/usr/bin/../share/java/kafka/validation-api-1.1.0.Final.jar:/usr/bin/../share/java/kafka/jetty-server-9.2.15.v20160210.jar:/usr/bin/../share/java/kafka/javax.servlet-api-3.1.0.jar:/usr/bin/../share/java/kafka/kafka_2.11-0.10.0.0-cp1-test-sources.jar:/usr/bin/../share/java/kafka/xz-1.0.jar:/usr/bin/../share/java/kafka/commons-beanutils-1.8.3.jar:/usr/bin/../share/java/kafka/httpcore-4.4.3.jar:/usr/bin/../share/java/kafka/log4j-1.2.17.jar:/usr/bin/../share/java/kafka/jersey-container-servlet-2.22.2.jar:/usr/bin/../share/java/kafka/jopt-simple-4.9.jar:/usr/bin/../share/java/kafka/commons-logging-1.2.jar:/usr/bin/../share/java/kafka/commons-compress-1.4.1.jar:/usr/bin/../share/java/kafka/kafka_2.11-0.10.0.0-cp1.jar:/usr/bin/../share/java/kafka/javax.inject-1.jar:/usr/bin/../share/java/kafka/connect-file-0.10.0.0-cp1.jar:/usr/bin/../share/java/kafka/jetty-servlets-9.2.15.v20160210.jar:/usr/bin/../share/java/kafka/kafka_2.11-0.10.0.0-cp1-javadoc.jar:/usr/bin/../share/java/kafka/jackson-core-2.6.3.jar:/usr/bin/../share/java/kafka/jackson-mapper-asl-1.9.13.jar:/usr/bin/../share/java/kafka/hk2-locator-2.4.0-b34.jar:/usr/bin/../share/java/kafka/jetty-http-9.2.15.v20160210.jar:/usr/bin/../share/java/kafka/jetty-security-9.2.15.v20160210.jar:/usr/bin/../share/java/kafka/guava-18.0.jar:/usr/bin/../share/java/kafka/support-metrics-common-3.0.0.jar:/usr/bin/../share/java/kafka/kafka-log4j-appender-0.10.0.0-cp1.jar:/usr/bin/../share/java/kafka/javax.annotation-api-1.2.jar:/usr/bin/../share/java/kafka/jersey-guava-2.22.2.jar:/usr/bin/../share/java/kafka/kafka-tools-0.10.0.0-cp1.jar:/usr/bin/../share/java/kafka/connect-runtime-0.10.0.0-cp1.jar:/usr/bin/../share/java/kafka/argparse4j-0.5.0.jar:/usr/bin/../share/java/kafka/kafka_2.11-0.10.0.0-cp1-scaladoc.jar:/usr/bin/../share/java/kafka/kafka_2.11-0.10.0.0-cp1-sources.jar:/usr/bin/../share/java/kafka/osgi-resource-locator-1.0.1.jar:/usr/bin/../share/java/kafka/avro-1.7.7.jar:/usr/bin/../share/java/kafka/zookeeper-3.4.6.jar:/usr/bin/../share/java/kafka/jackson-databind-2.6.3.jar:/usr/bin/../share/java/kafka/paranamer-2.3.jar:/usr/bin/../share/java/kafka/connect-json-0.10.0.0-cp1.jar:/usr/bin/../share/java/kafka/zkclient-0.8.jar:/usr/bin/../share/java/kafka/kafka_2.11-0.10.0.0-cp1-test.jar:/usr/bin/../share/java/kafka/jersey-container-servlet-core-2.22.2.jar:/usr/bin/../share/java/kafka/jersey-common-2.22.2.jar:/usr/bin/../share/java/kafka/jackson-jaxrs-json-provider-2.6.3.jar:/usr/bin/../share/java/kafka/jetty-continuation-9.2.15.v20160210.jar:/usr/bin/../share/java/kafka/jetty-servlet-9.2.15.v20160210.jar:/usr/bin/../share/java/kafka/jetty-io-9.2.15.v20160210.jar:/usr/bin/../share/java/kafka/jersey-client-2.22.2.jar:/usr/bin/../share/java/kafka/jackson-annotations-2.6.0.jar:/usr/bin/../share/java/kafka/jersey-media-jaxb-2.22.2.jar:/usr/bin/../share/java/kafka/commons-codec-1.9.jar:/usr/bin/../share/java/kafka/httpmime-4.5.1.jar:/usr/bin/../share/java/kafka/hk2-utils-2.4.0-b34.jar:/usr/bin/../share/java/kafka/jackson-core-asl-1.9.13.jar:/usr/bin/../share/java/kafka/scala-library-2.11.8.jar:/usr/bin/../share/java/kafka/lz4-1.3.0.jar:/usr/bin/../share/java/kafka/jetty-util-9.2.15.v20160210.jar:/usr/bin/../share/java/kafka/jackson-module-jaxb-annotations-2.6.3.jar:/usr/bin/../share/java/kafka/commons-validator-1.4.1.jar:/usr/bin/../share/java/kafka/kafka-clients-0.10.0.0-cp1.jar:/usr/bin/../share/java/kafka/javassist-3.18.2-GA.jar:/usr/bin/../share/java/kafka/reflections-0.9.10.jar:/usr/bin/../share/java/confluent-support-metrics/support-metrics-fullcollector-3.0.0.jar:/usr/share/java/confluent-support-metrics/support-metrics-fullcollector-3.0.0.jar (org.apache.zookeeper.server.ZooKeeperServer)
kafka_1                  | 	offsets.commit.timeout.ms = 5000
schemaregistry_1         | 	ssl.truststore.type = JKS
kafka_1                  | 	quota.window.num = 11
schemaregistry_1         | 	kafkastore.ssl.truststore.password = 
kafka_1                  | 	zookeeper.connect = zookeeper:2181
zookeeper_1              | [2018-04-11 15:18:50,558] INFO Server environment:java.library.path=/usr/java/packages/lib/amd64:/usr/lib/x86_64-linux-gnu/jni:/lib/x86_64-linux-gnu:/usr/lib/x86_64-linux-gnu:/usr/lib/jni:/lib:/usr/lib (org.apache.zookeeper.server.ZooKeeperServer)
schemaregistry_1         | 	access.control.allow.origin = 
kafka_1                  | 	authorizer.class.name = 
zookeeper_1              | [2018-04-11 15:18:50,558] INFO Server environment:java.io.tmpdir=/tmp (org.apache.zookeeper.server.ZooKeeperServer)
schemaregistry_1         | 	ssl.truststore.location = 
kafka_1                  | 	num.replica.fetchers = 1
schemaregistry_1         | 	ssl.keystore.password = 
schemaregistry_1         | 	port = 8081
schemaregistry_1         | 	kafkastore.ssl.keystore.location = 
kafka_1                  | 	log.retention.ms = null
schemaregistry_1         | 	master.eligibility = true
kafka_1                  | 	log.roll.jitter.hours = 0
zookeeper_1              | [2018-04-11 15:18:50,559] INFO Server environment:java.compiler=<NA> (org.apache.zookeeper.server.ZooKeeperServer)
schemaregistry_1         | 	ssl.client.auth = false
kafka_1                  | 	log.cleaner.enable = true
schemaregistry_1         | 	kafkastore.ssl.keystore.password = 
zookeeper_1              | [2018-04-11 15:18:50,559] INFO Server environment:os.name=Linux (org.apache.zookeeper.server.ZooKeeperServer)
kafka_1                  | 	offsets.load.buffer.size = 5242880
schemaregistry_1         | 	kafkastore.security.protocol = PLAINTEXT
zookeeper_1              | [2018-04-11 15:18:50,559] INFO Server environment:os.arch=amd64 (org.apache.zookeeper.server.ZooKeeperServer)
kafka_1                  | 	log.cleaner.delete.retention.ms = 86400000
schemaregistry_1         | 	ssl.trustmanager.algorithm = 
kafka_1                  | 	ssl.client.auth = none
schemaregistry_1         | 	request.logger.name = io.confluent.rest-utils.requests
kafka_1                  | 	controlled.shutdown.max.retries = 3
schemaregistry_1         | 	ssl.key.password = 
kafka_1                  | 	queued.max.requests = 500
zookeeper_1              | [2018-04-11 15:18:50,559] INFO Server environment:os.version=4.9.60-linuxkit-aufs (org.apache.zookeeper.server.ZooKeeperServer)
schemaregistry_1         | 	kafkastore.zk.session.timeout.ms = 30000
kafka_1                  | 	offsets.topic.replication.factor = 3
schemaregistry_1         | 	kafkastore.ssl.key.password = 
kafka_1                  | 	log.cleaner.threads = 1
schemaregistry_1         | 	metrics.num.samples = 2
kafka_1                  | 	sasl.kerberos.service.name = null
schemaregistry_1         | 	ssl.protocol = TLS
zookeeper_1              | [2018-04-11 15:18:50,559] INFO Server environment:user.name=confluent (org.apache.zookeeper.server.ZooKeeperServer)
schemaregistry_1         | 	kafkastore.ssl.keymanager.algorithm = SunX509
kafka_1                  | 	sasl.kerberos.ticket.renew.jitter = 0.05
zookeeper_1              | [2018-04-11 15:18:50,559] INFO Server environment:user.home=/home/confluent (org.apache.zookeeper.server.ZooKeeperServer)
schemaregistry_1         | 	kafkastore.connection.url = zookeeper:2181
zookeeper_1              | [2018-04-11 15:18:50,559] INFO Server environment:user.dir=/ (org.apache.zookeeper.server.ZooKeeperServer)
kafka_1                  | 	socket.request.max.bytes = 104857600
schemaregistry_1         | 	debug = false
kafka_1                  | 	ssl.trustmanager.algorithm = PKIX
schemaregistry_1         | 	listeners = []
kafka_1                  | 	zookeeper.session.timeout.ms = 6000
schemaregistry_1         | 	ssl.provider = 
kafka_1                  | 	log.retention.bytes = -1
schemaregistry_1         | 	ssl.enabled.protocols = []
zookeeper_1              | [2018-04-11 15:18:50,567] INFO tickTime set to 2000 (org.apache.zookeeper.server.ZooKeeperServer)
kafka_1                  | 	log.message.timestamp.type = CreateTime
schemaregistry_1         | 	shutdown.graceful.ms = 1000
kafka_1                  | 	sasl.kerberos.min.time.before.relogin = 60000
kafka_1                  | 	zookeeper.set.acl = false
kafka_1                  | 	connections.max.idle.ms = 600000
kafka_1                  | 	offsets.retention.minutes = 1440
zookeeper_1              | [2018-04-11 15:18:50,567] INFO minSessionTimeout set to -1 (org.apache.zookeeper.server.ZooKeeperServer)
schemaregistry_1         | 	ssl.keystore.location = 
kafka_1                  | 	replica.fetch.backoff.ms = 1000
schemaregistry_1         | 	ssl.cipher.suites = []
kafka_1                  | 	inter.broker.protocol.version = 0.10.0-IV1
schemaregistry_1         | 	kafkastore.ssl.endpoint.identification.algorithm = 
schemaregistry_1         | 	kafkastore.ssl.cipher.suites = 
schemaregistry_1         | 	access.control.allow.methods = 
kafka_1                  | 	log.retention.hours = 168
schemaregistry_1         | 	ssl.keymanager.algorithm = 
kafka_1                  | 	num.partitions = 1
zookeeper_1              | [2018-04-11 15:18:50,567] INFO maxSessionTimeout set to -1 (org.apache.zookeeper.server.ZooKeeperServer)
schemaregistry_1         | 	metrics.sample.window.ms = 30000
kafka_1                  | 	broker.id.generation.enable = true
schemaregistry_1         | 	kafkastore.init.timeout.ms = 60000
kafka_1                  | 	listeners = null
schemaregistry_1         |  (io.confluent.kafka.schemaregistry.rest.SchemaRegistryConfig:135)
kafka_1                  | 	ssl.provider = null
zookeeper_1              | [2018-04-11 15:18:50,584] INFO binding to port 0.0.0.0/0.0.0.0:2181 (org.apache.zookeeper.server.NIOServerCnxnFactory)
kafka_1                  | 	ssl.enabled.protocols = [TLSv1.2, TLSv1.1, TLSv1]
kafka_1                  | 	log.roll.ms = null
kafka_1                  | 	log.flush.scheduler.interval.ms = 9223372036854775807
kafka_1                  | 	ssl.cipher.suites = null
kafka_1                  | 	log.index.size.max.bytes = 10485760
kafka_1                  | 	ssl.keymanager.algorithm = SunX509
kafka_1                  | 	security.inter.broker.protocol = PLAINTEXT
kafka_1                  | 	replica.fetch.max.bytes = 1048576
schemaregistry_1         | [2018-04-11 15:19:03,434] INFO Initializing KafkaStore with broker endpoints: PLAINTEXT://kafka:9092 (io.confluent.kafka.schemaregistry.storage.KafkaStore:260)
kafka_1                  | 	advertised.port = 9092
zookeeper_1              | [2018-04-11 15:18:52,031] INFO Accepted socket connection from /172.19.0.3:55382 (org.apache.zookeeper.server.NIOServerCnxnFactory)
kafka_1                  | 	log.cleaner.dedupe.buffer.size = 134217728
kafka_1                  | 	replica.high.watermark.checkpoint.interval.ms = 5000
kafka_1                  | 	log.cleaner.io.buffer.size = 524288
kafka_1                  | 	sasl.kerberos.ticket.renew.window.factor = 0.8
schemaregistry_1         | [2018-04-11 15:19:03,446] WARN Creating the schema topic _schemas using a replication factor of 1, which is less than the desired one of 3. If this is a production environment, it's crucial to add more brokers and increase the replication factor of the topic. (io.confluent.kafka.schemaregistry.storage.KafkaStore:218)
kafka_1                  | 	zookeeper.connection.timeout.ms = 6000
zookeeper_1              | [2018-04-11 15:18:52,100] INFO Client attempting to establish new session at /172.19.0.3:55382 (org.apache.zookeeper.server.ZooKeeperServer)
kafka_1                  | 	controlled.shutdown.retry.backoff.ms = 5000
schemaregistry_1         | [2018-04-11 15:19:03,868] INFO Initialized last consumed offset to -1 (io.confluent.kafka.schemaregistry.storage.KafkaStoreReaderThread:120)
zookeeper_1              | [2018-04-11 15:18:52,103] INFO Creating new log file: log.1 (org.apache.zookeeper.server.persistence.FileTxnLog)
kafka_1                  | 	log.roll.hours = 168
kafka_1                  | 	log.cleanup.policy = delete
schemaregistry_1         | [2018-04-11 15:19:03,870] INFO [kafka-store-reader-thread-_schemas], Starting  (io.confluent.kafka.schemaregistry.storage.KafkaStoreReaderThread:68)
kafka_1                  | 	host.name = 
zookeeper_1              | [2018-04-11 15:18:52,119] INFO Established session 0x162b549b9e90000 with negotiated timeout 6000 for client /172.19.0.3:55382 (org.apache.zookeeper.server.ZooKeeperServer)
kafka_1                  | 	log.roll.jitter.ms = null
schemaregistry_1         | [2018-04-11 15:19:04,141] INFO Wait to catch up until the offset of the last message at 0 (io.confluent.kafka.schemaregistry.storage.KafkaStore:299)
zookeeper_1              | [2018-04-11 15:18:52,165] INFO Got user-level KeeperException when processing sessionid:0x162b549b9e90000 type:create cxid:0x5 zxid:0x3 txntype:-1 reqpath:n/a Error Path:/brokers Error:KeeperErrorCode = NoNode for /brokers (org.apache.zookeeper.server.PrepRequestProcessor)
kafka_1                  | 	max.connections.per.ip = 2147483647
schemaregistry_1         | [2018-04-11 15:19:05,001] INFO Created schema registry namespace zookeeper:2181/schema_registry (io.confluent.kafka.schemaregistry.storage.KafkaSchemaRegistry:199)
kafka_1                  | 	offsets.topic.segment.bytes = 104857600
zookeeper_1              | [2018-04-11 15:18:52,184] INFO Got user-level KeeperException when processing sessionid:0x162b549b9e90000 type:create cxid:0xb zxid:0x7 txntype:-1 reqpath:n/a Error Path:/config Error:KeeperErrorCode = NoNode for /config (org.apache.zookeeper.server.PrepRequestProcessor)
kafka_1                  | 	background.threads = 10
string_avro_converter_1  | wait-for-it.sh: waiting 60 seconds for schemaregistry:8081
kafka_1                  | 	quota.consumer.default = 9223372036854775807
zookeeper_1              | [2018-04-11 15:18:52,196] INFO Got user-level KeeperException when processing sessionid:0x162b549b9e90000 type:create cxid:0x13 zxid:0xc txntype:-1 reqpath:n/a Error Path:/admin Error:KeeperErrorCode = NoNode for /admin (org.apache.zookeeper.server.PrepRequestProcessor)
kafka_1                  | 	request.timeout.ms = 30000
schemaregistry_1         | [2018-04-11 15:19:05,029] INFO Successfully elected the new master: {"host":"schemaregistry","port":8081,"master_eligibility":true,"version":1} (io.confluent.kafka.schemaregistry.zookeeper.ZookeeperMasterElector:83)
kafka_1                  | 	log.message.format.version = 0.10.0-IV1
kafka_1                  | 	log.index.interval.bytes = 4096
zookeeper_1              | [2018-04-11 15:18:52,502] INFO Got user-level KeeperException when processing sessionid:0x162b549b9e90000 type:setData cxid:0x21 zxid:0x12 txntype:-1 reqpath:n/a Error Path:/controller_epoch Error:KeeperErrorCode = NoNode for /controller_epoch (org.apache.zookeeper.server.PrepRequestProcessor)
kafka_1                  | 	log.dir = /tmp/kafka-logs
kafka_1                  | 	log.segment.bytes = 1073741824
kafka_1                  | 	log.cleaner.backoff.ms = 15000
kafka_1                  | 	offset.metadata.max.bytes = 4096
kafka_1                  | 	ssl.truststore.location = null
kafka_1                  | 	group.max.session.timeout.ms = 300000
schemaregistry_1         | [2018-04-11 15:19:05,043] INFO Successfully elected the new master: {"host":"schemaregistry","port":8081,"master_eligibility":true,"version":1} (io.confluent.kafka.schemaregistry.zookeeper.ZookeeperMasterElector:83)
zookeeper_1              | [2018-04-11 15:18:52,568] INFO Got user-level KeeperException when processing sessionid:0x162b549b9e90000 type:delete cxid:0x32 zxid:0x14 txntype:-1 reqpath:n/a Error Path:/admin/preferred_replica_election Error:KeeperErrorCode = NoNode for /admin/preferred_replica_election (org.apache.zookeeper.server.PrepRequestProcessor)
kafka_1                  | 	ssl.keystore.password = null
kafka_1                  | 	zookeeper.sync.time.ms = 2000
kafka_1                  | 	port = 9092
schemaregistry_1         | [2018-04-11 15:19:05,102] INFO Logging initialized @3056ms (org.eclipse.jetty.util.log:186)
kafka_1                  | 	log.retention.minutes = null
kafka_1                  | 	log.segment.delete.delay.ms = 60000
kafka_1                  | 	log.dirs = /var/lib/kafka
kafka_1                  | 	controlled.shutdown.enable = true
kafka_1                  | 	compression.type = producer
kafka_1                  | 	max.connections.per.ip.overrides = 
kafka_1                  | 	log.message.timestamp.difference.max.ms = 9223372036854775807
kafka_1                  | 	sasl.kerberos.kinit.cmd = /usr/bin/kinit
zookeeper_1              | [2018-04-11 15:18:52,720] INFO Got user-level KeeperException when processing sessionid:0x162b549b9e90000 type:create cxid:0x39 zxid:0x15 txntype:-1 reqpath:n/a Error Path:/brokers Error:KeeperErrorCode = NodeExists for /brokers (org.apache.zookeeper.server.PrepRequestProcessor)
schemaregistry_1         | [2018-04-11 15:19:05,127] WARN DEPRECATION warning: `listeners` configuration is not configured. Falling back to the deprecated `port` configuration. (io.confluent.rest.Application:248)
kafka_1                  | 	log.cleaner.io.max.bytes.per.second = 1.7976931348623157E308
kafka_1                  | 	auto.leader.rebalance.enable = true
kafka_1                  | 	leader.imbalance.check.interval.seconds = 300
schemaregistry_1         | [2018-04-11 15:19:05,127] INFO Adding listener: http://0.0.0.0:8081 (io.confluent.rest.Application:137)
kafka_1                  | 	log.cleaner.min.cleanable.ratio = 0.5
kafka_1                  | 	replica.lag.time.max.ms = 10000
schemaregistry_1         | [2018-04-11 15:19:05,198] INFO jetty-9.2.12.v20150709 (org.eclipse.jetty.server.Server:327)
zookeeper_1              | [2018-04-11 15:18:52,721] INFO Got user-level KeeperException when processing sessionid:0x162b549b9e90000 type:create cxid:0x3a zxid:0x16 txntype:-1 reqpath:n/a Error Path:/brokers/ids Error:KeeperErrorCode = NodeExists for /brokers/ids (org.apache.zookeeper.server.PrepRequestProcessor)
kafka_1                  | 	num.network.threads = 3
schemaregistry_1         | [2018-04-11 15:19:05,980] INFO HV000001: Hibernate Validator 5.1.2.Final (org.hibernate.validator.internal.util.Version:27)
kafka_1                  | 	ssl.key.password = null
kafka_1                  | 	reserved.broker.max.id = 1000
kafka_1                  | 	metrics.num.samples = 2
kafka_1                  | 	socket.send.buffer.bytes = 102400
kafka_1                  | 	ssl.protocol = TLS
zookeeper_1              | [2018-04-11 15:19:01,641] INFO Accepted socket connection from /172.19.0.4:57342 (org.apache.zookeeper.server.NIOServerCnxnFactory)
kafka_1                  | 	socket.receive.buffer.bytes = 102400
schemaregistry_1         | [2018-04-11 15:19:06,151] INFO Started o.e.j.s.ServletContextHandler@7bb004b8{/,null,AVAILABLE} (org.eclipse.jetty.server.handler.ContextHandler:744)
kafka_1                  | 	ssl.keystore.location = null
kafka_1                  | 	replica.fetch.min.bytes = 1
kafka_1                  | 	broker.rack = null
kafka_1                  | 	unclean.leader.election.enable = true
kafka_1                  | 	sasl.enabled.mechanisms = [GSSAPI]
kafka_1                  | 	group.min.session.timeout.ms = 6000
kafka_1                  | 	log.cleaner.io.buffer.load.factor = 0.9
kafka_1                  | 	offsets.retention.check.interval.ms = 600000
kafka_1                  | 	producer.purgatory.purge.interval.requests = 1000
kafka_1                  | 	metrics.sample.window.ms = 30000
kafka_1                  | 	broker.id = 1
zookeeper_1              | [2018-04-11 15:19:01,643] WARN caught end of stream exception (org.apache.zookeeper.server.NIOServerCnxn)
kafka_1                  | 	offsets.topic.compression.codec = 0
kafka_1                  | 	log.retention.check.interval.ms = 300000
kafka_1                  | 	advertised.listeners = null
string_avro_converter_1  | wait-for-it.sh: schemaregistry:8081 is available after 0 seconds
zookeeper_1              | EndOfStreamException: Unable to read additional data from client sessionid 0x0, likely client has closed socket
kafka_1                  | 	leader.imbalance.per.broker.percentage = 10
zookeeper_1              | 	at org.apache.zookeeper.server.NIOServerCnxn.doIO(NIOServerCnxn.java:228)
kafka_1                  |  (kafka.server.KafkaConfig)
schemaregistry_1         | [2018-04-11 15:19:06,160] INFO Started NetworkTrafficServerConnector@3104351d{HTTP/1.1}{0.0.0.0:8081} (org.eclipse.jetty.server.NetworkTrafficServerConnector:266)
zookeeper_1              | 	at org.apache.zookeeper.server.NIOServerCnxnFactory.run(NIOServerCnxnFactory.java:208)
schemaregistry_1         | [2018-04-11 15:19:06,163] INFO Started @4118ms (org.eclipse.jetty.server.Server:379)
zookeeper_1              | 	at java.lang.Thread.run(Thread.java:745)
kafka_1                  | [2018-04-11 15:18:51,904] WARN The support metrics collection feature ("Metrics") of Proactive Support is disabled. (io.confluent.support.metrics.SupportedServerStartable)
string_avro_converter_1  | schemaregistry started
schemaregistry_1         | [2018-04-11 15:19:06,163] INFO Server started, listening for requests... (io.confluent.kafka.schemaregistry.rest.SchemaRegistryMain:45)
zookeeper_1              | [2018-04-11 15:19:01,646] INFO Closed socket connection for client /172.19.0.4:57342 (no session established for client) (org.apache.zookeeper.server.NIOServerCnxn)
zookeeper_1              | [2018-04-11 15:19:02,986] INFO Accepted socket connection from /172.19.0.5:50942 (org.apache.zookeeper.server.NIOServerCnxnFactory)
kafka_1                  | [2018-04-11 15:18:51,905] INFO starting (kafka.server.KafkaServer)
string_avro_converter_1  | ++ sleep 10
zookeeper_1              | [2018-04-11 15:19:02,991] INFO Client attempting to establish new session at /172.19.0.5:50942 (org.apache.zookeeper.server.ZooKeeperServer)
kafka_1                  | [2018-04-11 15:18:51,915] INFO Connecting to zookeeper on zookeeper:2181 (kafka.server.KafkaServer)
zookeeper_1              | [2018-04-11 15:19:02,993] INFO Established session 0x162b549b9e90001 with negotiated timeout 30000 for client /172.19.0.5:50942 (org.apache.zookeeper.server.ZooKeeperServer)
zookeeper_1              | [2018-04-11 15:19:03,576] INFO Got user-level KeeperException when processing sessionid:0x162b549b9e90001 type:setData cxid:0x8 zxid:0x19 txntype:-1 reqpath:n/a Error Path:/config/topics/_schemas Error:KeeperErrorCode = NoNode for /config/topics/_schemas (org.apache.zookeeper.server.PrepRequestProcessor)
kafka_1                  | [2018-04-11 15:18:51,929] INFO Starting ZkClient event thread. (org.I0Itec.zkclient.ZkEventThread)
zookeeper_1              | [2018-04-11 15:19:03,589] INFO Got user-level KeeperException when processing sessionid:0x162b549b9e90001 type:create cxid:0xa zxid:0x1a txntype:-1 reqpath:n/a Error Path:/config/topics Error:KeeperErrorCode = NodeExists for /config/topics (org.apache.zookeeper.server.PrepRequestProcessor)
kafka_1                  | [2018-04-11 15:18:51,936] INFO Client environment:zookeeper.version=3.4.6-1569965, built on 02/20/2014 09:09 GMT (org.apache.zookeeper.ZooKeeper)
kafka_1                  | [2018-04-11 15:18:51,936] INFO Client environment:host.name=kafka (org.apache.zookeeper.ZooKeeper)
kafka_1                  | [2018-04-11 15:18:51,936] INFO Client environment:java.version=1.8.0_91 (org.apache.zookeeper.ZooKeeper)
zookeeper_1              | [2018-04-11 15:19:03,627] INFO Got user-level KeeperException when processing sessionid:0x162b549b9e90000 type:create cxid:0x44 zxid:0x1d txntype:-1 reqpath:n/a Error Path:/brokers/topics/_schemas/partitions/0 Error:KeeperErrorCode = NoNode for /brokers/topics/_schemas/partitions/0 (org.apache.zookeeper.server.PrepRequestProcessor)
kafka_1                  | [2018-04-11 15:18:51,936] INFO Client environment:java.vendor=Oracle Corporation (org.apache.zookeeper.ZooKeeper)
kafka_1                  | [2018-04-11 15:18:51,936] INFO Client environment:java.home=/usr/lib/jvm/java-8-openjdk-amd64/jre (org.apache.zookeeper.ZooKeeper)
zookeeper_1              | [2018-04-11 15:19:03,629] INFO Got user-level KeeperException when processing sessionid:0x162b549b9e90000 type:create cxid:0x45 zxid:0x1e txntype:-1 reqpath:n/a Error Path:/brokers/topics/_schemas/partitions Error:KeeperErrorCode = NoNode for /brokers/topics/_schemas/partitions (org.apache.zookeeper.server.PrepRequestProcessor)
kafka_1                  | [2018-04-11 15:18:51,936] INFO Client environment:java.class.path=:/usr/bin/../share/java/kafka/commons-lang3-3.1.jar:/usr/bin/../share/java/kafka/commons-collections-3.2.1.jar:/usr/bin/../share/java/kafka/metrics-core-2.2.0.jar:/usr/bin/../share/java/kafka/slf4j-log4j12-1.7.21.jar:/usr/bin/../share/java/kafka/hk2-api-2.4.0-b34.jar:/usr/bin/../share/java/kafka/slf4j-api-1.7.21.jar:/usr/bin/../share/java/kafka/jackson-jaxrs-base-2.6.3.jar:/usr/bin/../share/java/kafka/snappy-java-1.1.2.4.jar:/usr/bin/../share/java/kafka/javax.ws.rs-api-2.0.1.jar:/usr/bin/../share/java/kafka/scala-parser-combinators_2.11-1.0.4.jar:/usr/bin/../share/java/kafka/support-metrics-client-3.0.0.jar:/usr/bin/../share/java/kafka/httpclient-4.5.1.jar:/usr/bin/../share/java/kafka/kafka-streams-examples-0.10.0.0-cp1.jar:/usr/bin/../share/java/kafka/aopalliance-repackaged-2.4.0-b34.jar:/usr/bin/../share/java/kafka/kafka-streams-0.10.0.0-cp1.jar:/usr/bin/../share/java/kafka/kafka.jar:/usr/bin/../share/java/kafka/commons-digester-1.8.1.jar:/usr/bin/../share/java/kafka/javax.inject-2.4.0-b34.jar:/usr/bin/../share/java/kafka/rocksdbjni-4.4.1.jar:/usr/bin/../share/java/kafka/connect-api-0.10.0.0-cp1.jar:/usr/bin/../share/java/kafka/jersey-server-2.22.2.jar:/usr/bin/../share/java/kafka/validation-api-1.1.0.Final.jar:/usr/bin/../share/java/kafka/jetty-server-9.2.15.v20160210.jar:/usr/bin/../share/java/kafka/javax.servlet-api-3.1.0.jar:/usr/bin/../share/java/kafka/kafka_2.11-0.10.0.0-cp1-test-sources.jar:/usr/bin/../share/java/kafka/xz-1.0.jar:/usr/bin/../share/java/kafka/commons-beanutils-1.8.3.jar:/usr/bin/../share/java/kafka/httpcore-4.4.3.jar:/usr/bin/../share/java/kafka/log4j-1.2.17.jar:/usr/bin/../share/java/kafka/jersey-container-servlet-2.22.2.jar:/usr/bin/../share/java/kafka/jopt-simple-4.9.jar:/usr/bin/../share/java/kafka/commons-logging-1.2.jar:/usr/bin/../share/java/kafka/commons-compress-1.4.1.jar:/usr/bin/../share/java/kafka/kafka_2.11-0.10.0.0-cp1.jar:/usr/bin/../share/java/kafka/javax.inject-1.jar:/usr/bin/../share/java/kafka/connect-file-0.10.0.0-cp1.jar:/usr/bin/../share/java/kafka/jetty-servlets-9.2.15.v20160210.jar:/usr/bin/../share/java/kafka/kafka_2.11-0.10.0.0-cp1-javadoc.jar:/usr/bin/../share/java/kafka/jackson-core-2.6.3.jar:/usr/bin/../share/java/kafka/jackson-mapper-asl-1.9.13.jar:/usr/bin/../share/java/kafka/hk2-locator-2.4.0-b34.jar:/usr/bin/../share/java/kafka/jetty-http-9.2.15.v20160210.jar:/usr/bin/../share/java/kafka/jetty-security-9.2.15.v20160210.jar:/usr/bin/../share/java/kafka/guava-18.0.jar:/usr/bin/../share/java/kafka/support-metrics-common-3.0.0.jar:/usr/bin/../share/java/kafka/kafka-log4j-appender-0.10.0.0-cp1.jar:/usr/bin/../share/java/kafka/javax.annotation-api-1.2.jar:/usr/bin/../share/java/kafka/jersey-guava-2.22.2.jar:/usr/bin/../share/java/kafka/kafka-tools-0.10.0.0-cp1.jar:/usr/bin/../share/java/kafka/connect-runtime-0.10.0.0-cp1.jar:/usr/bin/../share/java/kafka/argparse4j-0.5.0.jar:/usr/bin/../share/java/kafka/kafka_2.11-0.10.0.0-cp1-scaladoc.jar:/usr/bin/../share/java/kafka/kafka_2.11-0.10.0.0-cp1-sources.jar:/usr/bin/../share/java/kafka/osgi-resource-locator-1.0.1.jar:/usr/bin/../share/java/kafka/avro-1.7.7.jar:/usr/bin/../share/java/kafka/zookeeper-3.4.6.jar:/usr/bin/../share/java/kafka/jackson-databind-2.6.3.jar:/usr/bin/../share/java/kafka/paranamer-2.3.jar:/usr/bin/../share/java/kafka/connect-json-0.10.0.0-cp1.jar:/usr/bin/../share/java/kafka/zkclient-0.8.jar:/usr/bin/../share/java/kafka/kafka_2.11-0.10.0.0-cp1-test.jar:/usr/bin/../share/java/kafka/jersey-container-servlet-core-2.22.2.jar:/usr/bin/../share/java/kafka/jersey-common-2.22.2.jar:/usr/bin/../share/java/kafka/jackson-jaxrs-json-provider-2.6.3.jar:/usr/bin/../share/java/kafka/jetty-continuation-9.2.15.v20160210.jar:/usr/bin/../share/java/kafka/jetty-servlet-9.2.15.v20160210.jar:/usr/bin/../share/java/kafka/jetty-io-9.2.15.v20160210.jar:/usr/bin/../share/java/kafka/jersey-client-2.22.2.jar:/usr/bin/../share/java/kafka/jackson-annotations-2.6.0.jar:/usr/bin/../share/java/kafka/jersey-media-jaxb-2.22.2.jar:/usr/bin/../share/java/kafka/commons-codec-1.9.jar:/usr/bin/../share/java/kafka/httpmime-4.5.1.jar:/usr/bin/../share/java/kafka/hk2-utils-2.4.0-b34.jar:/usr/bin/../share/java/kafka/jackson-core-asl-1.9.13.jar:/usr/bin/../share/java/kafka/scala-library-2.11.8.jar:/usr/bin/../share/java/kafka/lz4-1.3.0.jar:/usr/bin/../share/java/kafka/jetty-util-9.2.15.v20160210.jar:/usr/bin/../share/java/kafka/jackson-module-jaxb-annotations-2.6.3.jar:/usr/bin/../share/java/kafka/commons-validator-1.4.1.jar:/usr/bin/../share/java/kafka/kafka-clients-0.10.0.0-cp1.jar:/usr/bin/../share/java/kafka/javassist-3.18.2-GA.jar:/usr/bin/../share/java/kafka/reflections-0.9.10.jar:/usr/bin/../share/java/confluent-support-metrics/support-metrics-fullcollector-3.0.0.jar:/usr/share/java/confluent-support-metrics/support-metrics-fullcollector-3.0.0.jar (org.apache.zookeeper.ZooKeeper)
zookeeper_1              | [2018-04-11 15:19:03,917] INFO Got user-level KeeperException when processing sessionid:0x162b549b9e90000 type:setData cxid:0x4e zxid:0x22 txntype:-1 reqpath:n/a Error Path:/config/topics/__consumer_offsets Error:KeeperErrorCode = NoNode for /config/topics/__consumer_offsets (org.apache.zookeeper.server.PrepRequestProcessor)
zookeeper_1              | [2018-04-11 15:19:03,921] INFO Got user-level KeeperException when processing sessionid:0x162b549b9e90000 type:create cxid:0x4f zxid:0x23 txntype:-1 reqpath:n/a Error Path:/config/topics Error:KeeperErrorCode = NodeExists for /config/topics (org.apache.zookeeper.server.PrepRequestProcessor)
kafka_1                  | [2018-04-11 15:18:51,936] INFO Client environment:java.library.path=/usr/java/packages/lib/amd64:/usr/lib/x86_64-linux-gnu/jni:/lib/x86_64-linux-gnu:/usr/lib/x86_64-linux-gnu:/usr/lib/jni:/lib:/usr/lib (org.apache.zookeeper.ZooKeeper)
kafka_1                  | [2018-04-11 15:18:51,936] INFO Client environment:java.io.tmpdir=/tmp (org.apache.zookeeper.ZooKeeper)
kafka_1                  | [2018-04-11 15:18:51,936] INFO Client environment:java.compiler=<NA> (org.apache.zookeeper.ZooKeeper)
zookeeper_1              | [2018-04-11 15:19:04,118] INFO Got user-level KeeperException when processing sessionid:0x162b549b9e90000 type:create cxid:0x8e zxid:0x26 txntype:-1 reqpath:n/a Error Path:/brokers/topics/__consumer_offsets/partitions/32 Error:KeeperErrorCode = NoNode for /brokers/topics/__consumer_offsets/partitions/32 (org.apache.zookeeper.server.PrepRequestProcessor)
kafka_1                  | [2018-04-11 15:18:51,936] INFO Client environment:os.name=Linux (org.apache.zookeeper.ZooKeeper)
kafka_1                  | [2018-04-11 15:18:51,936] INFO Client environment:os.arch=amd64 (org.apache.zookeeper.ZooKeeper)
zookeeper_1              | [2018-04-11 15:19:04,120] INFO Got user-level KeeperException when processing sessionid:0x162b549b9e90000 type:create cxid:0x8f zxid:0x27 txntype:-1 reqpath:n/a Error Path:/brokers/topics/__consumer_offsets/partitions Error:KeeperErrorCode = NoNode for /brokers/topics/__consumer_offsets/partitions (org.apache.zookeeper.server.PrepRequestProcessor)
kafka_1                  | [2018-04-11 15:18:51,937] INFO Client environment:os.version=4.9.60-linuxkit-aufs (org.apache.zookeeper.ZooKeeper)
kafka_1                  | [2018-04-11 15:18:51,937] INFO Client environment:user.name=confluent (org.apache.zookeeper.ZooKeeper)
kafka_1                  | [2018-04-11 15:18:51,937] INFO Client environment:user.home=/home/confluent (org.apache.zookeeper.ZooKeeper)
zookeeper_1              | [2018-04-11 15:19:04,138] INFO Got user-level KeeperException when processing sessionid:0x162b549b9e90000 type:create cxid:0x93 zxid:0x2b txntype:-1 reqpath:n/a Error Path:/brokers/topics/__consumer_offsets/partitions/16 Error:KeeperErrorCode = NoNode for /brokers/topics/__consumer_offsets/partitions/16 (org.apache.zookeeper.server.PrepRequestProcessor)
kafka_1                  | [2018-04-11 15:18:51,937] INFO Client environment:user.dir=/ (org.apache.zookeeper.ZooKeeper)
