zookeeper_1              | [2018-04-11 15:19:04,146] INFO Got user-level KeeperException when processing sessionid:0x162b549b9e90000 type:create cxid:0x96 zxid:0x2e txntype:-1 reqpath:n/a Error Path:/brokers/topics/__consumer_offsets/partitions/49 Error:KeeperErrorCode = NoNode for /brokers/topics/__consumer_offsets/partitions/49 (org.apache.zookeeper.server.PrepRequestProcessor)
kafka_1                  | [2018-04-11 15:18:51,938] INFO Initiating client connection, connectString=zookeeper:2181 sessionTimeout=6000 watcher=org.I0Itec.zkclient.ZkClient@63355449 (org.apache.zookeeper.ZooKeeper)
zookeeper_1              | [2018-04-11 15:19:04,151] INFO Got user-level KeeperException when processing sessionid:0x162b549b9e90000 type:create cxid:0x99 zxid:0x31 txntype:-1 reqpath:n/a Error Path:/brokers/topics/__consumer_offsets/partitions/44 Error:KeeperErrorCode = NoNode for /brokers/topics/__consumer_offsets/partitions/44 (org.apache.zookeeper.server.PrepRequestProcessor)
kafka_1                  | [2018-04-11 15:18:51,958] INFO Waiting for keeper state SyncConnected (org.I0Itec.zkclient.ZkClient)
zookeeper_1              | [2018-04-11 15:19:04,156] INFO Got user-level KeeperException when processing sessionid:0x162b549b9e90000 type:create cxid:0x9c zxid:0x34 txntype:-1 reqpath:n/a Error Path:/brokers/topics/__consumer_offsets/partitions/28 Error:KeeperErrorCode = NoNode for /brokers/topics/__consumer_offsets/partitions/28 (org.apache.zookeeper.server.PrepRequestProcessor)
kafka_1                  | [2018-04-11 15:18:51,962] INFO Opening socket connection to server kafkadockersbt_zookeeper_1.kafkadockersbt_default/172.19.0.2:2181. Will not attempt to authenticate using SASL (unknown error) (org.apache.zookeeper.ClientCnxn)
zookeeper_1              | [2018-04-11 15:19:04,162] INFO Got user-level KeeperException when processing sessionid:0x162b549b9e90000 type:create cxid:0x9f zxid:0x37 txntype:-1 reqpath:n/a Error Path:/brokers/topics/__consumer_offsets/partitions/17 Error:KeeperErrorCode = NoNode for /brokers/topics/__consumer_offsets/partitions/17 (org.apache.zookeeper.server.PrepRequestProcessor)
zookeeper_1              | [2018-04-11 15:19:04,167] INFO Got user-level KeeperException when processing sessionid:0x162b549b9e90000 type:create cxid:0xa2 zxid:0x3a txntype:-1 reqpath:n/a Error Path:/brokers/topics/__consumer_offsets/partitions/23 Error:KeeperErrorCode = NoNode for /brokers/topics/__consumer_offsets/partitions/23 (org.apache.zookeeper.server.PrepRequestProcessor)
kafka_1                  | [2018-04-11 15:18:52,029] INFO Socket connection established to kafkadockersbt_zookeeper_1.kafkadockersbt_default/172.19.0.2:2181, initiating session (org.apache.zookeeper.ClientCnxn)
zookeeper_1              | [2018-04-11 15:19:04,172] INFO Got user-level KeeperException when processing sessionid:0x162b549b9e90000 type:create cxid:0xa5 zxid:0x3d txntype:-1 reqpath:n/a Error Path:/brokers/topics/__consumer_offsets/partitions/7 Error:KeeperErrorCode = NoNode for /brokers/topics/__consumer_offsets/partitions/7 (org.apache.zookeeper.server.PrepRequestProcessor)
kafka_1                  | [2018-04-11 15:18:52,122] INFO Session establishment complete on server kafkadockersbt_zookeeper_1.kafkadockersbt_default/172.19.0.2:2181, sessionid = 0x162b549b9e90000, negotiated timeout = 6000 (org.apache.zookeeper.ClientCnxn)
kafka_1                  | [2018-04-11 15:18:52,124] INFO zookeeper state changed (SyncConnected) (org.I0Itec.zkclient.ZkClient)
zookeeper_1              | [2018-04-11 15:19:04,177] INFO Got user-level KeeperException when processing sessionid:0x162b549b9e90000 type:create cxid:0xa8 zxid:0x40 txntype:-1 reqpath:n/a Error Path:/brokers/topics/__consumer_offsets/partitions/4 Error:KeeperErrorCode = NoNode for /brokers/topics/__consumer_offsets/partitions/4 (org.apache.zookeeper.server.PrepRequestProcessor)
kafka_1                  | [2018-04-11 15:18:52,248] INFO Loading logs. (kafka.log.LogManager)
zookeeper_1              | [2018-04-11 15:19:04,185] INFO Got user-level KeeperException when processing sessionid:0x162b549b9e90000 type:create cxid:0xad zxid:0x43 txntype:-1 reqpath:n/a Error Path:/brokers/topics/__consumer_offsets/partitions/29 Error:KeeperErrorCode = NoNode for /brokers/topics/__consumer_offsets/partitions/29 (org.apache.zookeeper.server.PrepRequestProcessor)
kafka_1                  | [2018-04-11 15:18:52,257] INFO Logs loading complete. (kafka.log.LogManager)
zookeeper_1              | [2018-04-11 15:19:04,193] INFO Got user-level KeeperException when processing sessionid:0x162b549b9e90000 type:create cxid:0xb1 zxid:0x46 txntype:-1 reqpath:n/a Error Path:/brokers/topics/__consumer_offsets/partitions/35 Error:KeeperErrorCode = NoNode for /brokers/topics/__consumer_offsets/partitions/35 (org.apache.zookeeper.server.PrepRequestProcessor)
zookeeper_1              | [2018-04-11 15:19:04,201] INFO Got user-level KeeperException when processing sessionid:0x162b549b9e90000 type:create cxid:0xb4 zxid:0x49 txntype:-1 reqpath:n/a Error Path:/brokers/topics/__consumer_offsets/partitions/3 Error:KeeperErrorCode = NoNode for /brokers/topics/__consumer_offsets/partitions/3 (org.apache.zookeeper.server.PrepRequestProcessor)
kafka_1                  | [2018-04-11 15:18:52,319] INFO Starting log cleanup with a period of 300000 ms. (kafka.log.LogManager)
zookeeper_1              | [2018-04-11 15:19:04,206] INFO Got user-level KeeperException when processing sessionid:0x162b549b9e90000 type:create cxid:0xb7 zxid:0x4c txntype:-1 reqpath:n/a Error Path:/brokers/topics/__consumer_offsets/partitions/24 Error:KeeperErrorCode = NoNode for /brokers/topics/__consumer_offsets/partitions/24 (org.apache.zookeeper.server.PrepRequestProcessor)
kafka_1                  | [2018-04-11 15:18:52,322] INFO Starting log flusher with a default period of 9223372036854775807 ms. (kafka.log.LogManager)
kafka_1                  | [2018-04-11 15:18:52,328] WARN No meta.properties file under dir /var/lib/kafka/meta.properties (kafka.server.BrokerMetadataCheckpoint)
zookeeper_1              | [2018-04-11 15:19:04,211] INFO Got user-level KeeperException when processing sessionid:0x162b549b9e90000 type:create cxid:0xba zxid:0x4f txntype:-1 reqpath:n/a Error Path:/brokers/topics/__consumer_offsets/partitions/41 Error:KeeperErrorCode = NoNode for /brokers/topics/__consumer_offsets/partitions/41 (org.apache.zookeeper.server.PrepRequestProcessor)
kafka_1                  | [2018-04-11 15:18:52,389] INFO Awaiting socket connections on 0.0.0.0:9092. (kafka.network.Acceptor)
zookeeper_1              | [2018-04-11 15:19:04,216] INFO Got user-level KeeperException when processing sessionid:0x162b549b9e90000 type:create cxid:0xbd zxid:0x52 txntype:-1 reqpath:n/a Error Path:/brokers/topics/__consumer_offsets/partitions/0 Error:KeeperErrorCode = NoNode for /brokers/topics/__consumer_offsets/partitions/0 (org.apache.zookeeper.server.PrepRequestProcessor)
kafka_1                  | [2018-04-11 15:18:52,392] INFO [Socket Server on Broker 1], Started 1 acceptor threads (kafka.network.SocketServer)
kafka_1                  | [2018-04-11 15:18:52,415] INFO [ExpirationReaper-1], Starting  (kafka.server.DelayedOperationPurgatory$ExpiredOperationReaper)
zookeeper_1              | [2018-04-11 15:19:04,221] INFO Got user-level KeeperException when processing sessionid:0x162b549b9e90000 type:create cxid:0xc0 zxid:0x55 txntype:-1 reqpath:n/a Error Path:/brokers/topics/__consumer_offsets/partitions/38 Error:KeeperErrorCode = NoNode for /brokers/topics/__consumer_offsets/partitions/38 (org.apache.zookeeper.server.PrepRequestProcessor)
kafka_1                  | [2018-04-11 15:18:52,416] INFO [ExpirationReaper-1], Starting  (kafka.server.DelayedOperationPurgatory$ExpiredOperationReaper)
zookeeper_1              | [2018-04-11 15:19:04,228] INFO Got user-level KeeperException when processing sessionid:0x162b549b9e90000 type:create cxid:0xc3 zxid:0x58 txntype:-1 reqpath:n/a Error Path:/brokers/topics/__consumer_offsets/partitions/13 Error:KeeperErrorCode = NoNode for /brokers/topics/__consumer_offsets/partitions/13 (org.apache.zookeeper.server.PrepRequestProcessor)
kafka_1                  | [2018-04-11 15:18:52,488] INFO Creating /controller (is it secure? false) (kafka.utils.ZKCheckedEphemeral)
zookeeper_1              | [2018-04-11 15:19:04,233] INFO Got user-level KeeperException when processing sessionid:0x162b549b9e90000 type:create cxid:0xc6 zxid:0x5b txntype:-1 reqpath:n/a Error Path:/brokers/topics/__consumer_offsets/partitions/8 Error:KeeperErrorCode = NoNode for /brokers/topics/__consumer_offsets/partitions/8 (org.apache.zookeeper.server.PrepRequestProcessor)
kafka_1                  | [2018-04-11 15:18:52,496] INFO Result of znode creation is: OK (kafka.utils.ZKCheckedEphemeral)
zookeeper_1              | [2018-04-11 15:19:04,239] INFO Got user-level KeeperException when processing sessionid:0x162b549b9e90000 type:create cxid:0xc9 zxid:0x5e txntype:-1 reqpath:n/a Error Path:/brokers/topics/__consumer_offsets/partitions/5 Error:KeeperErrorCode = NoNode for /brokers/topics/__consumer_offsets/partitions/5 (org.apache.zookeeper.server.PrepRequestProcessor)
kafka_1                  | [2018-04-11 15:18:52,497] INFO 1 successfully elected as leader (kafka.server.ZookeeperLeaderElector)
zookeeper_1              | [2018-04-11 15:19:04,244] INFO Got user-level KeeperException when processing sessionid:0x162b549b9e90000 type:create cxid:0xcc zxid:0x61 txntype:-1 reqpath:n/a Error Path:/brokers/topics/__consumer_offsets/partitions/39 Error:KeeperErrorCode = NoNode for /brokers/topics/__consumer_offsets/partitions/39 (org.apache.zookeeper.server.PrepRequestProcessor)
kafka_1                  | [2018-04-11 15:18:52,600] INFO [ExpirationReaper-1], Starting  (kafka.server.DelayedOperationPurgatory$ExpiredOperationReaper)
kafka_1                  | [2018-04-11 15:18:52,615] INFO [ExpirationReaper-1], Starting  (kafka.server.DelayedOperationPurgatory$ExpiredOperationReaper)
zookeeper_1              | [2018-04-11 15:19:04,249] INFO Got user-level KeeperException when processing sessionid:0x162b549b9e90000 type:create cxid:0xcf zxid:0x64 txntype:-1 reqpath:n/a Error Path:/brokers/topics/__consumer_offsets/partitions/36 Error:KeeperErrorCode = NoNode for /brokers/topics/__consumer_offsets/partitions/36 (org.apache.zookeeper.server.PrepRequestProcessor)
zookeeper_1              | [2018-04-11 15:19:04,254] INFO Got user-level KeeperException when processing sessionid:0x162b549b9e90000 type:create cxid:0xd2 zxid:0x67 txntype:-1 reqpath:n/a Error Path:/brokers/topics/__consumer_offsets/partitions/40 Error:KeeperErrorCode = NoNode for /brokers/topics/__consumer_offsets/partitions/40 (org.apache.zookeeper.server.PrepRequestProcessor)
kafka_1                  | [2018-04-11 15:18:52,642] INFO [Group Metadata Manager on Broker 1]: Removed 0 expired offsets in 8 milliseconds. (kafka.coordinator.GroupMetadataManager)
zookeeper_1              | [2018-04-11 15:19:04,259] INFO Got user-level KeeperException when processing sessionid:0x162b549b9e90000 type:create cxid:0xd5 zxid:0x6a txntype:-1 reqpath:n/a Error Path:/brokers/topics/__consumer_offsets/partitions/45 Error:KeeperErrorCode = NoNode for /brokers/topics/__consumer_offsets/partitions/45 (org.apache.zookeeper.server.PrepRequestProcessor)
kafka_1                  | [2018-04-11 15:18:52,646] INFO [GroupCoordinator 1]: Starting up. (kafka.coordinator.GroupCoordinator)
zookeeper_1              | [2018-04-11 15:19:04,263] INFO Got user-level KeeperException when processing sessionid:0x162b549b9e90000 type:create cxid:0xd8 zxid:0x6d txntype:-1 reqpath:n/a Error Path:/brokers/topics/__consumer_offsets/partitions/15 Error:KeeperErrorCode = NoNode for /brokers/topics/__consumer_offsets/partitions/15 (org.apache.zookeeper.server.PrepRequestProcessor)
kafka_1                  | [2018-04-11 15:18:52,652] INFO [GroupCoordinator 1]: Startup complete. (kafka.coordinator.GroupCoordinator)
kafka_1                  | [2018-04-11 15:18:52,665] INFO New leader is 1 (kafka.server.ZookeeperLeaderElector$LeaderChangeListener)
zookeeper_1              | [2018-04-11 15:19:04,268] INFO Got user-level KeeperException when processing sessionid:0x162b549b9e90000 type:create cxid:0xdb zxid:0x70 txntype:-1 reqpath:n/a Error Path:/brokers/topics/__consumer_offsets/partitions/33 Error:KeeperErrorCode = NoNode for /brokers/topics/__consumer_offsets/partitions/33 (org.apache.zookeeper.server.PrepRequestProcessor)
zookeeper_1              | [2018-04-11 15:19:04,273] INFO Got user-level KeeperException when processing sessionid:0x162b549b9e90000 type:create cxid:0xde zxid:0x73 txntype:-1 reqpath:n/a Error Path:/brokers/topics/__consumer_offsets/partitions/37 Error:KeeperErrorCode = NoNode for /brokers/topics/__consumer_offsets/partitions/37 (org.apache.zookeeper.server.PrepRequestProcessor)
kafka_1                  | [2018-04-11 15:18:52,679] INFO [ThrottledRequestReaper-Produce], Starting  (kafka.server.ClientQuotaManager$ThrottledRequestReaper)
zookeeper_1              | [2018-04-11 15:19:04,278] INFO Got user-level KeeperException when processing sessionid:0x162b549b9e90000 type:create cxid:0xe1 zxid:0x76 txntype:-1 reqpath:n/a Error Path:/brokers/topics/__consumer_offsets/partitions/21 Error:KeeperErrorCode = NoNode for /brokers/topics/__consumer_offsets/partitions/21 (org.apache.zookeeper.server.PrepRequestProcessor)
kafka_1                  | [2018-04-11 15:18:52,680] INFO [ThrottledRequestReaper-Fetch], Starting  (kafka.server.ClientQuotaManager$ThrottledRequestReaper)
zookeeper_1              | [2018-04-11 15:19:04,282] INFO Got user-level KeeperException when processing sessionid:0x162b549b9e90000 type:create cxid:0xe4 zxid:0x79 txntype:-1 reqpath:n/a Error Path:/brokers/topics/__consumer_offsets/partitions/6 Error:KeeperErrorCode = NoNode for /brokers/topics/__consumer_offsets/partitions/6 (org.apache.zookeeper.server.PrepRequestProcessor)
kafka_1                  | [2018-04-11 15:18:52,694] INFO Will not load MX4J, mx4j-tools.jar is not in the classpath (kafka.utils.Mx4jLoader$)
zookeeper_1              | [2018-04-11 15:19:04,297] INFO Got user-level KeeperException when processing sessionid:0x162b549b9e90000 type:create cxid:0xe9 zxid:0x7c txntype:-1 reqpath:n/a Error Path:/brokers/topics/__consumer_offsets/partitions/11 Error:KeeperErrorCode = NoNode for /brokers/topics/__consumer_offsets/partitions/11 (org.apache.zookeeper.server.PrepRequestProcessor)
kafka_1                  | [2018-04-11 15:18:52,719] INFO Creating /brokers/ids/1 (is it secure? false) (kafka.utils.ZKCheckedEphemeral)
zookeeper_1              | [2018-04-11 15:19:04,310] INFO Got user-level KeeperException when processing sessionid:0x162b549b9e90000 type:create cxid:0xed zxid:0x7f txntype:-1 reqpath:n/a Error Path:/brokers/topics/__consumer_offsets/partitions/20 Error:KeeperErrorCode = NoNode for /brokers/topics/__consumer_offsets/partitions/20 (org.apache.zookeeper.server.PrepRequestProcessor)
kafka_1                  | [2018-04-11 15:18:52,723] INFO Result of znode creation is: OK (kafka.utils.ZKCheckedEphemeral)
zookeeper_1              | [2018-04-11 15:19:04,315] INFO Got user-level KeeperException when processing sessionid:0x162b549b9e90000 type:create cxid:0xf0 zxid:0x82 txntype:-1 reqpath:n/a Error Path:/brokers/topics/__consumer_offsets/partitions/47 Error:KeeperErrorCode = NoNode for /brokers/topics/__consumer_offsets/partitions/47 (org.apache.zookeeper.server.PrepRequestProcessor)
kafka_1                  | [2018-04-11 15:18:52,726] INFO Registered broker 1 at path /brokers/ids/1 with addresses: PLAINTEXT -> EndPoint(kafka,9092,PLAINTEXT) (kafka.utils.ZkUtils)
kafka_1                  | [2018-04-11 15:18:52,726] WARN No meta.properties file under dir /var/lib/kafka/meta.properties (kafka.server.BrokerMetadataCheckpoint)
zookeeper_1              | [2018-04-11 15:19:04,322] INFO Got user-level KeeperException when processing sessionid:0x162b549b9e90000 type:create cxid:0xf3 zxid:0x85 txntype:-1 reqpath:n/a Error Path:/brokers/topics/__consumer_offsets/partitions/2 Error:KeeperErrorCode = NoNode for /brokers/topics/__consumer_offsets/partitions/2 (org.apache.zookeeper.server.PrepRequestProcessor)
kafka_1                  | [2018-04-11 15:18:52,748] INFO Kafka version : 0.10.0.0-cp1 (org.apache.kafka.common.utils.AppInfoParser)
zookeeper_1              | [2018-04-11 15:19:04,332] INFO Got user-level KeeperException when processing sessionid:0x162b549b9e90000 type:create cxid:0xf6 zxid:0x88 txntype:-1 reqpath:n/a Error Path:/brokers/topics/__consumer_offsets/partitions/27 Error:KeeperErrorCode = NoNode for /brokers/topics/__consumer_offsets/partitions/27 (org.apache.zookeeper.server.PrepRequestProcessor)
kafka_1                  | [2018-04-11 15:18:52,748] INFO Kafka commitId : 7aeb2e89dbc741f6 (org.apache.kafka.common.utils.AppInfoParser)
kafka_1                  | [2018-04-11 15:18:52,749] INFO [Kafka Server 1], started (kafka.server.KafkaServer)
zookeeper_1              | [2018-04-11 15:19:04,338] INFO Got user-level KeeperException when processing sessionid:0x162b549b9e90000 type:create cxid:0xf9 zxid:0x8b txntype:-1 reqpath:n/a Error Path:/brokers/topics/__consumer_offsets/partitions/34 Error:KeeperErrorCode = NoNode for /brokers/topics/__consumer_offsets/partitions/34 (org.apache.zookeeper.server.PrepRequestProcessor)
kafka_1                  | [2018-04-11 15:19:03,660] INFO [ReplicaFetcherManager on broker 1] Removed fetcher for partitions [_schemas,0] (kafka.server.ReplicaFetcherManager)
zookeeper_1              | [2018-04-11 15:19:04,342] INFO Got user-level KeeperException when processing sessionid:0x162b549b9e90000 type:create cxid:0xfc zxid:0x8e txntype:-1 reqpath:n/a Error Path:/brokers/topics/__consumer_offsets/partitions/9 Error:KeeperErrorCode = NoNode for /brokers/topics/__consumer_offsets/partitions/9 (org.apache.zookeeper.server.PrepRequestProcessor)
kafka_1                  | [2018-04-11 15:19:03,690] INFO Completed load of log _schemas-0 with log end offset 0 (kafka.log.Log)
zookeeper_1              | [2018-04-11 15:19:04,347] INFO Got user-level KeeperException when processing sessionid:0x162b549b9e90000 type:create cxid:0xff zxid:0x91 txntype:-1 reqpath:n/a Error Path:/brokers/topics/__consumer_offsets/partitions/22 Error:KeeperErrorCode = NoNode for /brokers/topics/__consumer_offsets/partitions/22 (org.apache.zookeeper.server.PrepRequestProcessor)
kafka_1                  | [2018-04-11 15:19:03,697] INFO Created log for partition [_schemas,0] in /var/lib/kafka with properties {compression.type -> producer, message.format.version -> 0.10.0-IV1, file.delete.delay.ms -> 60000, max.message.bytes -> 1000012, message.timestamp.type -> CreateTime, min.insync.replicas -> 1, segment.jitter.ms -> 0, preallocate -> false, min.cleanable.dirty.ratio -> 0.5, index.interval.bytes -> 4096, unclean.leader.election.enable -> true, retention.bytes -> -1, delete.retention.ms -> 86400000, cleanup.policy -> compact, flush.ms -> 9223372036854775807, segment.ms -> 604800000, segment.bytes -> 1073741824, retention.ms -> 604800000, message.timestamp.difference.max.ms -> 9223372036854775807, segment.index.bytes -> 10485760, flush.messages -> 9223372036854775807}. (kafka.log.LogManager)
kafka_1                  | [2018-04-11 15:19:03,698] INFO Partition [_schemas,0] on broker 1: No checkpointed highwatermark is found for partition [_schemas,0] (kafka.cluster.Partition)
zookeeper_1              | [2018-04-11 15:19:04,351] INFO Got user-level KeeperException when processing sessionid:0x162b549b9e90000 type:create cxid:0x102 zxid:0x94 txntype:-1 reqpath:n/a Error Path:/brokers/topics/__consumer_offsets/partitions/42 Error:KeeperErrorCode = NoNode for /brokers/topics/__consumer_offsets/partitions/42 (org.apache.zookeeper.server.PrepRequestProcessor)
kafka_1                  | [2018-04-11 15:19:03,930] INFO Topic creation {"version":1,"partitions":{"45":[1],"34":[1],"12":[1],"8":[1],"19":[1],"23":[1],"4":[1],"40":[1],"15":[1],"11":[1],"9":[1],"44":[1],"33":[1],"22":[1],"26":[1],"37":[1],"13":[1],"46":[1],"24":[1],"35":[1],"16":[1],"5":[1],"10":[1],"48":[1],"21":[1],"43":[1],"32":[1],"49":[1],"6":[1],"36":[1],"1":[1],"39":[1],"17":[1],"25":[1],"14":[1],"47":[1],"31":[1],"42":[1],"0":[1],"20":[1],"27":[1],"2":[1],"38":[1],"18":[1],"30":[1],"7":[1],"29":[1],"41":[1],"3":[1],"28":[1]}} (kafka.admin.AdminUtils$)
zookeeper_1              | [2018-04-11 15:19:04,356] INFO Got user-level KeeperException when processing sessionid:0x162b549b9e90000 type:create cxid:0x105 zxid:0x97 txntype:-1 reqpath:n/a Error Path:/brokers/topics/__consumer_offsets/partitions/14 Error:KeeperErrorCode = NoNode for /brokers/topics/__consumer_offsets/partitions/14 (org.apache.zookeeper.server.PrepRequestProcessor)
kafka_1                  | [2018-04-11 15:19:03,943] INFO [KafkaApi-1] Auto creation of topic __consumer_offsets with 50 partitions and replication factor 1 is successful (kafka.server.KafkaApis)
zookeeper_1              | [2018-04-11 15:19:04,362] INFO Got user-level KeeperException when processing sessionid:0x162b549b9e90000 type:create cxid:0x108 zxid:0x9a txntype:-1 reqpath:n/a Error Path:/brokers/topics/__consumer_offsets/partitions/25 Error:KeeperErrorCode = NoNode for /brokers/topics/__consumer_offsets/partitions/25 (org.apache.zookeeper.server.PrepRequestProcessor)
kafka_1                  | [2018-04-11 15:19:04,454] INFO [ReplicaFetcherManager on broker 1] Removed fetcher for partitions [__consumer_offsets,32],[__consumer_offsets,16],[__consumer_offsets,49],[__consumer_offsets,44],[__consumer_offsets,28],[__consumer_offsets,17],[__consumer_offsets,23],[__consumer_offsets,7],[__consumer_offsets,4],[__consumer_offsets,29],[__consumer_offsets,35],[__consumer_offsets,3],[__consumer_offsets,24],[__consumer_offsets,41],[__consumer_offsets,0],[__consumer_offsets,38],[__consumer_offsets,13],[__consumer_offsets,8],[__consumer_offsets,5],[__consumer_offsets,39],[__consumer_offsets,36],[__consumer_offsets,40],[__consumer_offsets,45],[__consumer_offsets,15],[__consumer_offsets,33],[__consumer_offsets,37],[__consumer_offsets,21],[__consumer_offsets,6],[__consumer_offsets,11],[__consumer_offsets,20],[__consumer_offsets,47],[__consumer_offsets,2],[__consumer_offsets,27],[__consumer_offsets,34],[__consumer_offsets,9],[__consumer_offsets,22],[__consumer_offsets,42],[__consumer_offsets,14],[__consumer_offsets,25],[__consumer_offsets,10],[__consumer_offsets,48],[__consumer_offsets,31],[__consumer_offsets,18],[__consumer_offsets,19],[__consumer_offsets,12],[__consumer_offsets,46],[__consumer_offsets,43],[__consumer_offsets,1],[__consumer_offsets,26],[__consumer_offsets,30] (kafka.server.ReplicaFetcherManager)
zookeeper_1              | [2018-04-11 15:19:04,367] INFO Got user-level KeeperException when processing sessionid:0x162b549b9e90000 type:create cxid:0x10b zxid:0x9d txntype:-1 reqpath:n/a Error Path:/brokers/topics/__consumer_offsets/partitions/10 Error:KeeperErrorCode = NoNode for /brokers/topics/__consumer_offsets/partitions/10 (org.apache.zookeeper.server.PrepRequestProcessor)
kafka_1                  | [2018-04-11 15:19:04,460] INFO Completed load of log __consumer_offsets-0 with log end offset 0 (kafka.log.Log)
zookeeper_1              | [2018-04-11 15:19:04,372] INFO Got user-level KeeperException when processing sessionid:0x162b549b9e90000 type:create cxid:0x10e zxid:0xa0 txntype:-1 reqpath:n/a Error Path:/brokers/topics/__consumer_offsets/partitions/48 Error:KeeperErrorCode = NoNode for /brokers/topics/__consumer_offsets/partitions/48 (org.apache.zookeeper.server.PrepRequestProcessor)
zookeeper_1              | [2018-04-11 15:19:04,377] INFO Got user-level KeeperException when processing sessionid:0x162b549b9e90000 type:create cxid:0x111 zxid:0xa3 txntype:-1 reqpath:n/a Error Path:/brokers/topics/__consumer_offsets/partitions/31 Error:KeeperErrorCode = NoNode for /brokers/topics/__consumer_offsets/partitions/31 (org.apache.zookeeper.server.PrepRequestProcessor)
kafka_1                  | [2018-04-11 15:19:04,462] INFO Created log for partition [__consumer_offsets,0] in /var/lib/kafka with properties {compression.type -> uncompressed, message.format.version -> 0.10.0-IV1, file.delete.delay.ms -> 60000, max.message.bytes -> 1000012, message.timestamp.type -> CreateTime, min.insync.replicas -> 1, segment.jitter.ms -> 0, preallocate -> false, min.cleanable.dirty.ratio -> 0.5, index.interval.bytes -> 4096, unclean.leader.election.enable -> true, retention.bytes -> -1, delete.retention.ms -> 86400000, cleanup.policy -> compact, flush.ms -> 9223372036854775807, segment.ms -> 604800000, segment.bytes -> 104857600, retention.ms -> 604800000, message.timestamp.difference.max.ms -> 9223372036854775807, segment.index.bytes -> 10485760, flush.messages -> 9223372036854775807}. (kafka.log.LogManager)
kafka_1                  | [2018-04-11 15:19:04,463] INFO Partition [__consumer_offsets,0] on broker 1: No checkpointed highwatermark is found for partition [__consumer_offsets,0] (kafka.cluster.Partition)
zookeeper_1              | [2018-04-11 15:19:04,381] INFO Got user-level KeeperException when processing sessionid:0x162b549b9e90000 type:create cxid:0x114 zxid:0xa6 txntype:-1 reqpath:n/a Error Path:/brokers/topics/__consumer_offsets/partitions/18 Error:KeeperErrorCode = NoNode for /brokers/topics/__consumer_offsets/partitions/18 (org.apache.zookeeper.server.PrepRequestProcessor)
kafka_1                  | [2018-04-11 15:19:04,467] INFO Completed load of log __consumer_offsets-29 with log end offset 0 (kafka.log.Log)
zookeeper_1              | [2018-04-11 15:19:04,387] INFO Got user-level KeeperException when processing sessionid:0x162b549b9e90000 type:create cxid:0x118 zxid:0xa9 txntype:-1 reqpath:n/a Error Path:/brokers/topics/__consumer_offsets/partitions/19 Error:KeeperErrorCode = NoNode for /brokers/topics/__consumer_offsets/partitions/19 (org.apache.zookeeper.server.PrepRequestProcessor)
kafka_1                  | [2018-04-11 15:19:04,468] INFO Created log for partition [__consumer_offsets,29] in /var/lib/kafka with properties {compression.type -> uncompressed, message.format.version -> 0.10.0-IV1, file.delete.delay.ms -> 60000, max.message.bytes -> 1000012, message.timestamp.type -> CreateTime, min.insync.replicas -> 1, segment.jitter.ms -> 0, preallocate -> false, min.cleanable.dirty.ratio -> 0.5, index.interval.bytes -> 4096, unclean.leader.election.enable -> true, retention.bytes -> -1, delete.retention.ms -> 86400000, cleanup.policy -> compact, flush.ms -> 9223372036854775807, segment.ms -> 604800000, segment.bytes -> 104857600, retention.ms -> 604800000, message.timestamp.difference.max.ms -> 9223372036854775807, segment.index.bytes -> 10485760, flush.messages -> 9223372036854775807}. (kafka.log.LogManager)
kafka_1                  | [2018-04-11 15:19:04,469] INFO Partition [__consumer_offsets,29] on broker 1: No checkpointed highwatermark is found for partition [__consumer_offsets,29] (kafka.cluster.Partition)
zookeeper_1              | [2018-04-11 15:19:04,398] INFO Got user-level KeeperException when processing sessionid:0x162b549b9e90000 type:create cxid:0x11d zxid:0xac txntype:-1 reqpath:n/a Error Path:/brokers/topics/__consumer_offsets/partitions/12 Error:KeeperErrorCode = NoNode for /brokers/topics/__consumer_offsets/partitions/12 (org.apache.zookeeper.server.PrepRequestProcessor)
kafka_1                  | [2018-04-11 15:19:04,471] INFO Completed load of log __consumer_offsets-48 with log end offset 0 (kafka.log.Log)
zookeeper_1              | [2018-04-11 15:19:04,402] INFO Got user-level KeeperException when processing sessionid:0x162b549b9e90000 type:create cxid:0x120 zxid:0xaf txntype:-1 reqpath:n/a Error Path:/brokers/topics/__consumer_offsets/partitions/46 Error:KeeperErrorCode = NoNode for /brokers/topics/__consumer_offsets/partitions/46 (org.apache.zookeeper.server.PrepRequestProcessor)
zookeeper_1              | [2018-04-11 15:19:04,406] INFO Got user-level KeeperException when processing sessionid:0x162b549b9e90000 type:create cxid:0x123 zxid:0xb2 txntype:-1 reqpath:n/a Error Path:/brokers/topics/__consumer_offsets/partitions/43 Error:KeeperErrorCode = NoNode for /brokers/topics/__consumer_offsets/partitions/43 (org.apache.zookeeper.server.PrepRequestProcessor)
kafka_1                  | [2018-04-11 15:19:04,472] INFO Created log for partition [__consumer_offsets,48] in /var/lib/kafka with properties {compression.type -> uncompressed, message.format.version -> 0.10.0-IV1, file.delete.delay.ms -> 60000, max.message.bytes -> 1000012, message.timestamp.type -> CreateTime, min.insync.replicas -> 1, segment.jitter.ms -> 0, preallocate -> false, min.cleanable.dirty.ratio -> 0.5, index.interval.bytes -> 4096, unclean.leader.election.enable -> true, retention.bytes -> -1, delete.retention.ms -> 86400000, cleanup.policy -> compact, flush.ms -> 9223372036854775807, segment.ms -> 604800000, segment.bytes -> 104857600, retention.ms -> 604800000, message.timestamp.difference.max.ms -> 9223372036854775807, segment.index.bytes -> 10485760, flush.messages -> 9223372036854775807}. (kafka.log.LogManager)
kafka_1                  | [2018-04-11 15:19:04,473] INFO Partition [__consumer_offsets,48] on broker 1: No checkpointed highwatermark is found for partition [__consumer_offsets,48] (kafka.cluster.Partition)
zookeeper_1              | [2018-04-11 15:19:04,412] INFO Got user-level KeeperException when processing sessionid:0x162b549b9e90000 type:create cxid:0x126 zxid:0xb5 txntype:-1 reqpath:n/a Error Path:/brokers/topics/__consumer_offsets/partitions/1 Error:KeeperErrorCode = NoNode for /brokers/topics/__consumer_offsets/partitions/1 (org.apache.zookeeper.server.PrepRequestProcessor)
zookeeper_1              | [2018-04-11 15:19:04,423] INFO Got user-level KeeperException when processing sessionid:0x162b549b9e90000 type:create cxid:0x129 zxid:0xb8 txntype:-1 reqpath:n/a Error Path:/brokers/topics/__consumer_offsets/partitions/26 Error:KeeperErrorCode = NoNode for /brokers/topics/__consumer_offsets/partitions/26 (org.apache.zookeeper.server.PrepRequestProcessor)
kafka_1                  | [2018-04-11 15:19:04,476] INFO Completed load of log __consumer_offsets-10 with log end offset 0 (kafka.log.Log)
zookeeper_1              | [2018-04-11 15:19:04,427] INFO Got user-level KeeperException when processing sessionid:0x162b549b9e90000 type:create cxid:0x12c zxid:0xbb txntype:-1 reqpath:n/a Error Path:/brokers/topics/__consumer_offsets/partitions/30 Error:KeeperErrorCode = NoNode for /brokers/topics/__consumer_offsets/partitions/30 (org.apache.zookeeper.server.PrepRequestProcessor)
kafka_1                  | [2018-04-11 15:19:04,477] INFO Created log for partition [__consumer_offsets,10] in /var/lib/kafka with properties {compression.type -> uncompressed, message.format.version -> 0.10.0-IV1, file.delete.delay.ms -> 60000, max.message.bytes -> 1000012, message.timestamp.type -> CreateTime, min.insync.replicas -> 1, segment.jitter.ms -> 0, preallocate -> false, min.cleanable.dirty.ratio -> 0.5, index.interval.bytes -> 4096, unclean.leader.election.enable -> true, retention.bytes -> -1, delete.retention.ms -> 86400000, cleanup.policy -> compact, flush.ms -> 9223372036854775807, segment.ms -> 604800000, segment.bytes -> 104857600, retention.ms -> 604800000, message.timestamp.difference.max.ms -> 9223372036854775807, segment.index.bytes -> 10485760, flush.messages -> 9223372036854775807}. (kafka.log.LogManager)
kafka_1                  | [2018-04-11 15:19:04,477] INFO Partition [__consumer_offsets,10] on broker 1: No checkpointed highwatermark is found for partition [__consumer_offsets,10] (kafka.cluster.Partition)
kafka_1                  | [2018-04-11 15:19:04,480] INFO Completed load of log __consumer_offsets-45 with log end offset 0 (kafka.log.Log)
zookeeper_1              | [2018-04-11 15:19:04,987] INFO Accepted socket connection from /172.19.0.5:50958 (org.apache.zookeeper.server.NIOServerCnxnFactory)
zookeeper_1              | [2018-04-11 15:19:04,988] INFO Client attempting to establish new session at /172.19.0.5:50958 (org.apache.zookeeper.server.ZooKeeperServer)
kafka_1                  | [2018-04-11 15:19:04,481] INFO Created log for partition [__consumer_offsets,45] in /var/lib/kafka with properties {compression.type -> uncompressed, message.format.version -> 0.10.0-IV1, file.delete.delay.ms -> 60000, max.message.bytes -> 1000012, message.timestamp.type -> CreateTime, min.insync.replicas -> 1, segment.jitter.ms -> 0, preallocate -> false, min.cleanable.dirty.ratio -> 0.5, index.interval.bytes -> 4096, unclean.leader.election.enable -> true, retention.bytes -> -1, delete.retention.ms -> 86400000, cleanup.policy -> compact, flush.ms -> 9223372036854775807, segment.ms -> 604800000, segment.bytes -> 104857600, retention.ms -> 604800000, message.timestamp.difference.max.ms -> 9223372036854775807, segment.index.bytes -> 10485760, flush.messages -> 9223372036854775807}. (kafka.log.LogManager)
zookeeper_1              | [2018-04-11 15:19:04,990] INFO Established session 0x162b549b9e90002 with negotiated timeout 30000 for client /172.19.0.5:50958 (org.apache.zookeeper.server.ZooKeeperServer)
kafka_1                  | [2018-04-11 15:19:04,481] INFO Partition [__consumer_offsets,45] on broker 1: No checkpointed highwatermark is found for partition [__consumer_offsets,45] (kafka.cluster.Partition)
zookeeper_1              | [2018-04-11 15:19:05,002] INFO Processed session termination for sessionid: 0x162b549b9e90002 (org.apache.zookeeper.server.PrepRequestProcessor)
kafka_1                  | [2018-04-11 15:19:04,484] INFO Completed load of log __consumer_offsets-26 with log end offset 0 (kafka.log.Log)
zookeeper_1              | [2018-04-11 15:19:05,010] INFO Closed socket connection for client /172.19.0.5:50958 which had sessionid 0x162b549b9e90002 (org.apache.zookeeper.server.NIOServerCnxn)
kafka_1                  | [2018-04-11 15:19:04,485] INFO Created log for partition [__consumer_offsets,26] in /var/lib/kafka with properties {compression.type -> uncompressed, message.format.version -> 0.10.0-IV1, file.delete.delay.ms -> 60000, max.message.bytes -> 1000012, message.timestamp.type -> CreateTime, min.insync.replicas -> 1, segment.jitter.ms -> 0, preallocate -> false, min.cleanable.dirty.ratio -> 0.5, index.interval.bytes -> 4096, unclean.leader.election.enable -> true, retention.bytes -> -1, delete.retention.ms -> 86400000, cleanup.policy -> compact, flush.ms -> 9223372036854775807, segment.ms -> 604800000, segment.bytes -> 104857600, retention.ms -> 604800000, message.timestamp.difference.max.ms -> 9223372036854775807, segment.index.bytes -> 10485760, flush.messages -> 9223372036854775807}. (kafka.log.LogManager)
kafka_1                  | [2018-04-11 15:19:04,485] INFO Partition [__consumer_offsets,26] on broker 1: No checkpointed highwatermark is found for partition [__consumer_offsets,26] (kafka.cluster.Partition)
zookeeper_1              | [2018-04-11 15:19:05,014] INFO Accepted socket connection from /172.19.0.5:50960 (org.apache.zookeeper.server.NIOServerCnxnFactory)
zookeeper_1              | [2018-04-11 15:19:05,014] INFO Client attempting to establish new session at /172.19.0.5:50960 (org.apache.zookeeper.server.ZooKeeperServer)
kafka_1                  | [2018-04-11 15:19:04,489] INFO Completed load of log __consumer_offsets-7 with log end offset 0 (kafka.log.Log)
zookeeper_1              | [2018-04-11 15:19:05,016] INFO Established session 0x162b549b9e90003 with negotiated timeout 30000 for client /172.19.0.5:50960 (org.apache.zookeeper.server.ZooKeeperServer)
kafka_1                  | [2018-04-11 15:19:04,492] INFO Created log for partition [__consumer_offsets,7] in /var/lib/kafka with properties {compression.type -> uncompressed, message.format.version -> 0.10.0-IV1, file.delete.delay.ms -> 60000, max.message.bytes -> 1000012, message.timestamp.type -> CreateTime, min.insync.replicas -> 1, segment.jitter.ms -> 0, preallocate -> false, min.cleanable.dirty.ratio -> 0.5, index.interval.bytes -> 4096, unclean.leader.election.enable -> true, retention.bytes -> -1, delete.retention.ms -> 86400000, cleanup.policy -> compact, flush.ms -> 9223372036854775807, segment.ms -> 604800000, segment.bytes -> 104857600, retention.ms -> 604800000, message.timestamp.difference.max.ms -> 9223372036854775807, segment.index.bytes -> 10485760, flush.messages -> 9223372036854775807}. (kafka.log.LogManager)
zookeeper_1              | [2018-04-11 15:19:05,037] INFO Got user-level KeeperException when processing sessionid:0x162b549b9e90003 type:create cxid:0x5 zxid:0xc3 txntype:-1 reqpath:n/a Error Path:/schema_registry/schema_registry_master Error:KeeperErrorCode = NodeExists for /schema_registry/schema_registry_master (org.apache.zookeeper.server.PrepRequestProcessor)
kafka_1                  | [2018-04-11 15:19:04,492] INFO Partition [__consumer_offsets,7] on broker 1: No checkpointed highwatermark is found for partition [__consumer_offsets,7] (kafka.cluster.Partition)
kafka_1                  | [2018-04-11 15:19:04,500] INFO Completed load of log __consumer_offsets-42 with log end offset 0 (kafka.log.Log)
zookeeper_1              | [2018-04-11 15:19:17,678] INFO Accepted socket connection from /172.19.0.4:57374 (org.apache.zookeeper.server.NIOServerCnxnFactory)
kafka_1                  | [2018-04-11 15:19:04,501] INFO Created log for partition [__consumer_offsets,42] in /var/lib/kafka with properties {compression.type -> uncompressed, message.format.version -> 0.10.0-IV1, file.delete.delay.ms -> 60000, max.message.bytes -> 1000012, message.timestamp.type -> CreateTime, min.insync.replicas -> 1, segment.jitter.ms -> 0, preallocate -> false, min.cleanable.dirty.ratio -> 0.5, index.interval.bytes -> 4096, unclean.leader.election.enable -> true, retention.bytes -> -1, delete.retention.ms -> 86400000, cleanup.policy -> compact, flush.ms -> 9223372036854775807, segment.ms -> 604800000, segment.bytes -> 104857600, retention.ms -> 604800000, message.timestamp.difference.max.ms -> 9223372036854775807, segment.index.bytes -> 10485760, flush.messages -> 9223372036854775807}. (kafka.log.LogManager)
zookeeper_1              | [2018-04-11 15:19:17,680] WARN caught end of stream exception (org.apache.zookeeper.server.NIOServerCnxn)
zookeeper_1              | EndOfStreamException: Unable to read additional data from client sessionid 0x0, likely client has closed socket
zookeeper_1              | 	at org.apache.zookeeper.server.NIOServerCnxn.doIO(NIOServerCnxn.java:228)
zookeeper_1              | 	at org.apache.zookeeper.server.NIOServerCnxnFactory.run(NIOServerCnxnFactory.java:208)
zookeeper_1              | 	at java.lang.Thread.run(Thread.java:745)
kafka_1                  | [2018-04-11 15:19:04,502] INFO Partition [__consumer_offsets,42] on broker 1: No checkpointed highwatermark is found for partition [__consumer_offsets,42] (kafka.cluster.Partition)
zookeeper_1              | [2018-04-11 15:19:17,681] INFO Closed socket connection for client /172.19.0.4:57374 (no session established for client) (org.apache.zookeeper.server.NIOServerCnxn)
kafka_1                  | [2018-04-11 15:19:04,505] INFO Completed load of log __consumer_offsets-4 with log end offset 0 (kafka.log.Log)
kafka_1                  | [2018-04-11 15:19:04,506] INFO Created log for partition [__consumer_offsets,4] in /var/lib/kafka with properties {compression.type -> uncompressed, message.format.version -> 0.10.0-IV1, file.delete.delay.ms -> 60000, max.message.bytes -> 1000012, message.timestamp.type -> CreateTime, min.insync.replicas -> 1, segment.jitter.ms -> 0, preallocate -> false, min.cleanable.dirty.ratio -> 0.5, index.interval.bytes -> 4096, unclean.leader.election.enable -> true, retention.bytes -> -1, delete.retention.ms -> 86400000, cleanup.policy -> compact, flush.ms -> 9223372036854775807, segment.ms -> 604800000, segment.bytes -> 104857600, retention.ms -> 604800000, message.timestamp.difference.max.ms -> 9223372036854775807, segment.index.bytes -> 10485760, flush.messages -> 9223372036854775807}. (kafka.log.LogManager)
zookeeper_1              | [2018-04-11 15:19:18,621] INFO Accepted socket connection from /172.19.0.6:36664 (org.apache.zookeeper.server.NIOServerCnxnFactory)
kafka_1                  | [2018-04-11 15:19:04,507] INFO Partition [__consumer_offsets,4] on broker 1: No checkpointed highwatermark is found for partition [__consumer_offsets,4] (kafka.cluster.Partition)
zookeeper_1              | [2018-04-11 15:19:18,621] WARN caught end of stream exception (org.apache.zookeeper.server.NIOServerCnxn)
zookeeper_1              | EndOfStreamException: Unable to read additional data from client sessionid 0x0, likely client has closed socket
zookeeper_1              | 	at org.apache.zookeeper.server.NIOServerCnxn.doIO(NIOServerCnxn.java:228)
kafka_1                  | [2018-04-11 15:19:04,510] INFO Completed load of log __consumer_offsets-23 with log end offset 0 (kafka.log.Log)
zookeeper_1              | 	at org.apache.zookeeper.server.NIOServerCnxnFactory.run(NIOServerCnxnFactory.java:208)
zookeeper_1              | 	at java.lang.Thread.run(Thread.java:745)
zookeeper_1              | [2018-04-11 15:19:18,622] INFO Closed socket connection for client /172.19.0.6:36664 (no session established for client) (org.apache.zookeeper.server.NIOServerCnxn)
kafka_1                  | [2018-04-11 15:19:04,511] INFO Created log for partition [__consumer_offsets,23] in /var/lib/kafka with properties {compression.type -> uncompressed, message.format.version -> 0.10.0-IV1, file.delete.delay.ms -> 60000, max.message.bytes -> 1000012, message.timestamp.type -> CreateTime, min.insync.replicas -> 1, segment.jitter.ms -> 0, preallocate -> false, min.cleanable.dirty.ratio -> 0.5, index.interval.bytes -> 4096, unclean.leader.election.enable -> true, retention.bytes -> -1, delete.retention.ms -> 86400000, cleanup.policy -> compact, flush.ms -> 9223372036854775807, segment.ms -> 604800000, segment.bytes -> 104857600, retention.ms -> 604800000, message.timestamp.difference.max.ms -> 9223372036854775807, segment.index.bytes -> 10485760, flush.messages -> 9223372036854775807}. (kafka.log.LogManager)
kafka_1                  | [2018-04-11 15:19:04,512] INFO Partition [__consumer_offsets,23] on broker 1: No checkpointed highwatermark is found for partition [__consumer_offsets,23] (kafka.cluster.Partition)
kafka_1                  | [2018-04-11 15:19:04,515] INFO Completed load of log __consumer_offsets-1 with log end offset 0 (kafka.log.Log)
kafka_1                  | [2018-04-11 15:19:04,517] INFO Created log for partition [__consumer_offsets,1] in /var/lib/kafka with properties {compression.type -> uncompressed, message.format.version -> 0.10.0-IV1, file.delete.delay.ms -> 60000, max.message.bytes -> 1000012, message.timestamp.type -> CreateTime, min.insync.replicas -> 1, segment.jitter.ms -> 0, preallocate -> false, min.cleanable.dirty.ratio -> 0.5, index.interval.bytes -> 4096, unclean.leader.election.enable -> true, retention.bytes -> -1, delete.retention.ms -> 86400000, cleanup.policy -> compact, flush.ms -> 9223372036854775807, segment.ms -> 604800000, segment.bytes -> 104857600, retention.ms -> 604800000, message.timestamp.difference.max.ms -> 9223372036854775807, segment.index.bytes -> 10485760, flush.messages -> 9223372036854775807}. (kafka.log.LogManager)
kafka_1                  | [2018-04-11 15:19:04,517] INFO Partition [__consumer_offsets,1] on broker 1: No checkpointed highwatermark is found for partition [__consumer_offsets,1] (kafka.cluster.Partition)
kafka_1                  | [2018-04-11 15:19:04,521] INFO Completed load of log __consumer_offsets-20 with log end offset 0 (kafka.log.Log)
kafka_1                  | [2018-04-11 15:19:04,522] INFO Created log for partition [__consumer_offsets,20] in /var/lib/kafka with properties {compression.type -> uncompressed, message.format.version -> 0.10.0-IV1, file.delete.delay.ms -> 60000, max.message.bytes -> 1000012, message.timestamp.type -> CreateTime, min.insync.replicas -> 1, segment.jitter.ms -> 0, preallocate -> false, min.cleanable.dirty.ratio -> 0.5, index.interval.bytes -> 4096, unclean.leader.election.enable -> true, retention.bytes -> -1, delete.retention.ms -> 86400000, cleanup.policy -> compact, flush.ms -> 9223372036854775807, segment.ms -> 604800000, segment.bytes -> 104857600, retention.ms -> 604800000, message.timestamp.difference.max.ms -> 9223372036854775807, segment.index.bytes -> 10485760, flush.messages -> 9223372036854775807}. (kafka.log.LogManager)
kafka_1                  | [2018-04-11 15:19:04,522] INFO Partition [__consumer_offsets,20] on broker 1: No checkpointed highwatermark is found for partition [__consumer_offsets,20] (kafka.cluster.Partition)
kafka_1                  | [2018-04-11 15:19:04,526] INFO Completed load of log __consumer_offsets-39 with log end offset 0 (kafka.log.Log)
kafka_1                  | [2018-04-11 15:19:04,527] INFO Created log for partition [__consumer_offsets,39] in /var/lib/kafka with properties {compression.type -> uncompressed, message.format.version -> 0.10.0-IV1, file.delete.delay.ms -> 60000, max.message.bytes -> 1000012, message.timestamp.type -> CreateTime, min.insync.replicas -> 1, segment.jitter.ms -> 0, preallocate -> false, min.cleanable.dirty.ratio -> 0.5, index.interval.bytes -> 4096, unclean.leader.election.enable -> true, retention.bytes -> -1, delete.retention.ms -> 86400000, cleanup.policy -> compact, flush.ms -> 9223372036854775807, segment.ms -> 604800000, segment.bytes -> 104857600, retention.ms -> 604800000, message.timestamp.difference.max.ms -> 9223372036854775807, segment.index.bytes -> 10485760, flush.messages -> 9223372036854775807}. (kafka.log.LogManager)
kafka_1                  | [2018-04-11 15:19:04,527] INFO Partition [__consumer_offsets,39] on broker 1: No checkpointed highwatermark is found for partition [__consumer_offsets,39] (kafka.cluster.Partition)
kafka_1                  | [2018-04-11 15:19:04,530] INFO Completed load of log __consumer_offsets-17 with log end offset 0 (kafka.log.Log)
kafka_1                  | [2018-04-11 15:19:04,532] INFO Created log for partition [__consumer_offsets,17] in /var/lib/kafka with properties {compression.type -> uncompressed, message.format.version -> 0.10.0-IV1, file.delete.delay.ms -> 60000, max.message.bytes -> 1000012, message.timestamp.type -> CreateTime, min.insync.replicas -> 1, segment.jitter.ms -> 0, preallocate -> false, min.cleanable.dirty.ratio -> 0.5, index.interval.bytes -> 4096, unclean.leader.election.enable -> true, retention.bytes -> -1, delete.retention.ms -> 86400000, cleanup.policy -> compact, flush.ms -> 9223372036854775807, segment.ms -> 604800000, segment.bytes -> 104857600, retention.ms -> 604800000, message.timestamp.difference.max.ms -> 9223372036854775807, segment.index.bytes -> 10485760, flush.messages -> 9223372036854775807}. (kafka.log.LogManager)
kafka_1                  | [2018-04-11 15:19:04,532] INFO Partition [__consumer_offsets,17] on broker 1: No checkpointed highwatermark is found for partition [__consumer_offsets,17] (kafka.cluster.Partition)
kafka_1                  | [2018-04-11 15:19:04,537] INFO Completed load of log __consumer_offsets-36 with log end offset 0 (kafka.log.Log)
kafka_1                  | [2018-04-11 15:19:04,538] INFO Created log for partition [__consumer_offsets,36] in /var/lib/kafka with properties {compression.type -> uncompressed, message.format.version -> 0.10.0-IV1, file.delete.delay.ms -> 60000, max.message.bytes -> 1000012, message.timestamp.type -> CreateTime, min.insync.replicas -> 1, segment.jitter.ms -> 0, preallocate -> false, min.cleanable.dirty.ratio -> 0.5, index.interval.bytes -> 4096, unclean.leader.election.enable -> true, retention.bytes -> -1, delete.retention.ms -> 86400000, cleanup.policy -> compact, flush.ms -> 9223372036854775807, segment.ms -> 604800000, segment.bytes -> 104857600, retention.ms -> 604800000, message.timestamp.difference.max.ms -> 9223372036854775807, segment.index.bytes -> 10485760, flush.messages -> 9223372036854775807}. (kafka.log.LogManager)
kafka_1                  | [2018-04-11 15:19:04,538] INFO Partition [__consumer_offsets,36] on broker 1: No checkpointed highwatermark is found for partition [__consumer_offsets,36] (kafka.cluster.Partition)
kafka_1                  | [2018-04-11 15:19:04,542] INFO Completed load of log __consumer_offsets-14 with log end offset 0 (kafka.log.Log)
kafka_1                  | [2018-04-11 15:19:04,543] INFO Created log for partition [__consumer_offsets,14] in /var/lib/kafka with properties {compression.type -> uncompressed, message.format.version -> 0.10.0-IV1, file.delete.delay.ms -> 60000, max.message.bytes -> 1000012, message.timestamp.type -> CreateTime, min.insync.replicas -> 1, segment.jitter.ms -> 0, preallocate -> false, min.cleanable.dirty.ratio -> 0.5, index.interval.bytes -> 4096, unclean.leader.election.enable -> true, retention.bytes -> -1, delete.retention.ms -> 86400000, cleanup.policy -> compact, flush.ms -> 9223372036854775807, segment.ms -> 604800000, segment.bytes -> 104857600, retention.ms -> 604800000, message.timestamp.difference.max.ms -> 9223372036854775807, segment.index.bytes -> 10485760, flush.messages -> 9223372036854775807}. (kafka.log.LogManager)
kafka_1                  | [2018-04-11 15:19:04,543] INFO Partition [__consumer_offsets,14] on broker 1: No checkpointed highwatermark is found for partition [__consumer_offsets,14] (kafka.cluster.Partition)
kafka_1                  | [2018-04-11 15:19:04,547] INFO Completed load of log __consumer_offsets-33 with log end offset 0 (kafka.log.Log)
